Component: ARM Compiler 5.05 update 1 (build 106) Tool: armlink [4d0efa]

==============================================================================

Section Cross References

    startup_stm32f407xx.o(RESET) refers to startup_stm32f407xx.o(STACK) for __initial_sp
    startup_stm32f407xx.o(RESET) refers to startup_stm32f407xx.o(.text) for Reset_Handler
    startup_stm32f407xx.o(RESET) refers to stm32f4xx_it.o(i.NMI_Handler) for NMI_Handler
    startup_stm32f407xx.o(RESET) refers to stm32f4xx_it.o(i.HardFault_Handler) for HardFault_Handler
    startup_stm32f407xx.o(RESET) refers to stm32f4xx_it.o(i.MemManage_Handler) for MemManage_Handler
    startup_stm32f407xx.o(RESET) refers to stm32f4xx_it.o(i.BusFault_Handler) for BusFault_Handler
    startup_stm32f407xx.o(RESET) refers to stm32f4xx_it.o(i.UsageFault_Handler) for UsageFault_Handler
    startup_stm32f407xx.o(RESET) refers to stm32f4xx_it.o(i.SVC_Handler) for SVC_Handler
    startup_stm32f407xx.o(RESET) refers to stm32f4xx_it.o(i.DebugMon_Handler) for DebugMon_Handler
    startup_stm32f407xx.o(RESET) refers to stm32f4xx_it.o(i.PendSV_Handler) for PendSV_Handler
    startup_stm32f407xx.o(RESET) refers to stm32f4xx_it.o(i.SysTick_Handler) for SysTick_Handler
    startup_stm32f407xx.o(RESET) refers to stm32f4xx_it.o(i.DMA1_Stream1_IRQHandler) for DMA1_Stream1_IRQHandler
    startup_stm32f407xx.o(RESET) refers to stm32f4xx_it.o(i.DMA1_Stream3_IRQHandler) for DMA1_Stream3_IRQHandler
    startup_stm32f407xx.o(RESET) refers to stm32f4xx_it.o(i.TIM1_BRK_TIM9_IRQHandler) for TIM1_BRK_TIM9_IRQHandler
    startup_stm32f407xx.o(RESET) refers to stm32f4xx_it.o(i.TIM1_UP_TIM10_IRQHandler) for TIM1_UP_TIM10_IRQHandler
    startup_stm32f407xx.o(RESET) refers to stm32f4xx_it.o(i.USART1_IRQHandler) for USART1_IRQHandler
    startup_stm32f407xx.o(RESET) refers to stm32f4xx_it.o(i.USART3_IRQHandler) for USART3_IRQHandler
    startup_stm32f407xx.o(RESET) refers to stm32f4xx_it.o(i.TIM8_BRK_TIM12_IRQHandler) for TIM8_BRK_TIM12_IRQHandler
    startup_stm32f407xx.o(RESET) refers to stm32f4xx_it.o(i.TIM8_UP_TIM13_IRQHandler) for TIM8_UP_TIM13_IRQHandler
    startup_stm32f407xx.o(RESET) refers to stm32f4xx_it.o(i.TIM6_DAC_IRQHandler) for TIM6_DAC_IRQHandler
    startup_stm32f407xx.o(.text) refers to system_stm32f4xx.o(i.SystemInit) for SystemInit
    startup_stm32f407xx.o(.text) refers to entry.o(.ARM.Collect$$$$00000000) for __main
    hc_sr04.o(i.HAL_TIM_IC_CaptureCallback) refers to hc_sr04.o(i.HcSr04_CaptureCallBack) for HcSr04_CaptureCallBack
    hc_sr04.o(i.HAL_TIM_IC_CaptureCallback) refers to tim.o(.bss) for htim9
    hc_sr04.o(i.HAL_TIM_IC_CaptureCallback) refers to hc_sr04.o(.bss) for .bss
    hc_sr04.o(i.HC_SR04_Trig) refers to stm32f4xx_hal_gpio.o(i.HAL_GPIO_WritePin) for HAL_GPIO_WritePin
    hc_sr04.o(i.HC_SR04_Trig) refers to hc_sr04.o(i.HcSr04_Delay) for HcSr04_Delay
    hc_sr04.o(i.HcSr04_CaptureCallBack) refers to stm32f4xx_hal_tim.o(i.HAL_TIM_ReadCapturedValue) for HAL_TIM_ReadCapturedValue
    hc_sr04.o(i.HcSr04_CaptureCallBack) refers to dfltui.o(.text) for __aeabi_ui2d
    hc_sr04.o(i.HcSr04_CaptureCallBack) refers to dmul.o(.text) for __aeabi_dmul
    hc_sr04.o(i.HcSr04_CaptureCallBack) refers to dfixui.o(.text) for __aeabi_d2uiz
    hc_sr04.o(i.HcSr04_CaptureCallBack) refers to hc_sr04.o(i.Hcsr04_Fliter) for Hcsr04_Fliter
    hc_sr04.o(i.HcSr04_CaptureCallBack) refers to tim.o(.bss) for htim10
    hc_sr04.o(i.HcSr04_Init) refers to stm32f4xx_hal_tim.o(i.HAL_TIM_IC_Start_IT) for HAL_TIM_IC_Start_IT
    hc_sr04.o(i.HcSr04_Init) refers to tim.o(.bss) for htim9
    motor.o(i.Motor_Init) refers to stm32f4xx_hal_tim.o(i.HAL_TIM_PWM_Start) for HAL_TIM_PWM_Start
    motor.o(i.Motor_Init) refers to tim.o(.bss) for htim1
    encoder.o(i.Encoder_Init) refers to stm32f4xx_hal_tim.o(i.HAL_TIM_Encoder_Start) for HAL_TIM_Encoder_Start
    encoder.o(i.Encoder_Init) refers to tim.o(.bss) for htim2
    encoder.o(i.Encoder_Update) refers to encoder.o(i.Read_Encoder) for Read_Encoder
    gy953.o(i.Angle_Init) refers to gy953.o(i.GY953_Init) for GY953_Init
    gy953.o(i.Angle_Init) refers to gy953.o(i.GY953_GetDate) for GY953_GetDate
    gy953.o(i.Angle_Init) refers to gy953.o(.bss) for .bss
    gy953.o(i.Angle_change) refers to gy953.o(.bss) for .bss
    gy953.o(i.GY953_GetDate) refers to led.o(i.LED_Flashing) for LED_Flashing
    gy953.o(i.GY953_GetDate) refers to dflti.o(.text) for __aeabi_i2d
    gy953.o(i.GY953_GetDate) refers to atan2.o(i.__hardfp_atan2) for __hardfp_atan2
    gy953.o(i.GY953_GetDate) refers to dmul.o(.text) for __aeabi_dmul
    gy953.o(i.GY953_GetDate) refers to dfixi.o(.text) for __aeabi_d2iz
    gy953.o(i.GY953_GetDate) refers to gy953.o(.bss) for .bss
    gy953.o(i.GY953_Init) refers to stm32f4xx_hal_uart.o(i.HAL_UART_Receive_DMA) for HAL_UART_Receive_DMA
    gy953.o(i.GY953_Init) refers to stm32f4xx_hal_uart.o(i.HAL_UART_Transmit_DMA) for HAL_UART_Transmit_DMA
    gy953.o(i.GY953_Init) refers to stm32f4xx_hal.o(i.HAL_Delay) for HAL_Delay
[...]
    i.HAL_TIM_Base_Stop_IT                   0x080019e8   Section        0  stm32f4xx_hal_tim.o(i.HAL_TIM_Base_Stop_IT)
    i.HAL_TIM_ConfigClockSource              0x08001a12   Section        0  stm32f4xx_hal_tim.o(i.HAL_TIM_ConfigClockSource)
    i.HAL_TIM_Encoder_Init                   0x08001b04   Section        0  stm32f4xx_hal_tim.o(i.HAL_TIM_Encoder_Init)
    i.HAL_TIM_Encoder_MspInit                0x08001b9c   Section        0  tim.o(i.HAL_TIM_Encoder_MspInit)
    i.HAL_TIM_Encoder_Start                  0x08001c7c   Section        0  stm32f4xx_hal_tim.o(i.HAL_TIM_Encoder_Start)
    i.HAL_TIM_IC_CaptureCallback             0x08001cb0   Section        0  hc_sr04.o(i.HAL_TIM_IC_CaptureCallback)
    i.HAL_TIM_IC_ConfigChannel               0x08001d0c   Section        0  stm32f4xx_hal_tim.o(i.HAL_TIM_IC_ConfigChannel)
    i.HAL_TIM_IC_Init                        0x08001e2a   Section        0  stm32f4xx_hal_tim.o(i.HAL_TIM_IC_Init)
    i.HAL_TIM_IC_MspInit                     0x08001e60   Section        0  stm32f4xx_hal_tim.o(i.HAL_TIM_IC_MspInit)
    i.HAL_TIM_IC_Start_IT                    0x08001e62   Section        0  stm32f4xx_hal_tim.o(i.HAL_TIM_IC_Start_IT)
    i.HAL_TIM_IRQHandler                     0x08001eae   Section        0  stm32f4xx_hal_tim.o(i.HAL_TIM_IRQHandler)
    i.HAL_TIM_MspPostInit                    0x08002014   Section        0  tim.o(i.HAL_TIM_MspPostInit)
    i.HAL_TIM_OC_DelayElapsedCallback        0x080020b0   Section        0  stm32f4xx_hal_tim.o(i.HAL_TIM_OC_DelayElapsedCallback)
    i.HAL_TIM_PWM_ConfigChannel              0x080020b2   Section        0  stm32f4xx_hal_tim.o(i.HAL_TIM_PWM_ConfigChannel)
    i.HAL_TIM_PWM_Init                       0x08002182   Section        0  stm32f4xx_hal_tim.o(i.HAL_TIM_PWM_Init)
    i.HAL_TIM_PWM_MspInit                    0x080021b8   Section        0  stm32f4xx_hal_tim.o(i.HAL_TIM_PWM_MspInit)
    i.HAL_TIM_PWM_PulseFinishedCallback      0x080021ba   Section        0  stm32f4xx_hal_tim.o(i.HAL_TIM_PWM_PulseFinishedCallback)
    i.HAL_TIM_PWM_Start                      0x080021bc   Section        0  stm32f4xx_hal_tim.o(i.HAL_TIM_PWM_Start)
    i.HAL_TIM_PeriodElapsedCallback          0x080021f4   Section        0  control.o(i.HAL_TIM_PeriodElapsedCallback)
    i.HAL_TIM_ReadCapturedValue              0x08002248   Section        0  stm32f4xx_hal_tim.o(i.HAL_TIM_ReadCapturedValue)
    i.HAL_TIM_TriggerCallback                0x0800228c   Section        0  stm32f4xx_hal_tim.o(i.HAL_TIM_TriggerCallback)
    i.HAL_UART_ErrorCallback                 0x0800228e   Section        0  stm32f4xx_hal_uart.o(i.HAL_UART_ErrorCallback)
    i.HAL_UART_IRQHandler                    0x08002290   Section        0  stm32f4xx_hal_uart.o(i.HAL_UART_IRQHandler)
    i.HAL_UART_Init                          0x080023a0   Section        0  stm32f4xx_hal_uart.o(i.HAL_UART_Init)
    i.HAL_UART_MspInit                       0x08002404   Section        0  usart.o(i.HAL_UART_MspInit)
    i.HAL_UART_Receive_DMA                   0x08002568   Section        0  stm32f4xx_hal_uart.o(i.HAL_UART_Receive_DMA)
    i.HAL_UART_RxCpltCallback                0x08002600   Section        0  stm32f4xx_hal_uart.o(i.HAL_UART_RxCpltCallback)
    i.HAL_UART_RxHalfCpltCallback            0x08002602   Section        0  stm32f4xx_hal_uart.o(i.HAL_UART_RxHalfCpltCallback)
    i.HAL_UART_Transmit                      0x08002604   Section        0  stm32f4xx_hal_uart.o(i.HAL_UART_Transmit)
    i.HAL_UART_Transmit_DMA                  0x080026c0   Section        0  stm32f4xx_hal_uart.o(i.HAL_UART_Transmit_DMA)
    i.HAL_UART_TxCpltCallback                0x08002740   Section        0  stm32f4xx_hal_uart.o(i.HAL_UART_TxCpltCallback)
    i.HAL_UART_TxHalfCpltCallback            0x08002742   Section        0  stm32f4xx_hal_uart.o(i.HAL_UART_TxHalfCpltCallback)
    i.HCSRPID_Calc                           0x08002744   Section        0  path_planning.o(i.HCSRPID_Calc)
    i.HC_SR04_Trig                           0x080027a4   Section        0  hc_sr04.o(i.HC_SR04_Trig)
    i.HardFault_Handler                      0x08002838   Section        0  stm32f4xx_it.o(i.HardFault_Handler)
    i.HcSr04_CaptureCallBack                 0x0800283c   Section        0  hc_sr04.o(i.HcSr04_CaptureCallBack)
    i.HcSr04_Delay                           0x080029a0   Section        0  hc_sr04.o(i.HcSr04_Delay)
    i.HcSr04_Init                            0x080029ac   Section        0  hc_sr04.o(i.HcSr04_Init)
    i.Hcsr04_Fliter                          0x08002a10   Section        0  hc_sr04.o(i.Hcsr04_Fliter)
    i.Inc_PID_Calc                           0x08002a54   Section        0  pid.o(i.Inc_PID_Calc)
    i.LED_Flashing                           0x08002af0   Section        0  led.o(i.LED_Flashing)
    i.LED_Slow_Flashing                      0x08002b24   Section        0  led.o(i.LED_Slow_Flashing)
    i.MX_DMA_Init                            0x08002b68   Section        0  dma.o(i.MX_DMA_Init)
    i.MX_GPIO_Init                           0x08002ba4   Section        0  gpio.o(i.MX_GPIO_Init)
    i.MX_TIM10_Init                          0x08002c70   Section        0  tim.o(i.MX_TIM10_Init)
    i.MX_TIM11_Init                          0x08002ce8   Section        0  tim.o(i.MX_TIM11_Init)
    i.MX_TIM12_Init                          0x08002d68   Section        0  tim.o(i.MX_TIM12_Init)
    i.MX_TIM13_Init                          0x08002e14   Section        0  tim.o(i.MX_TIM13_Init)
    i.MX_TIM1_Init                           0x08002e94   Section        0  tim.o(i.MX_TIM1_Init)
    i.MX_TIM2_Init                           0x08002fa0   Section        0  tim.o(i.MX_TIM2_Init)
    i.MX_TIM3_Init                           0x08003014   Section        0  tim.o(i.MX_TIM3_Init)
    i.MX_TIM4_Init                           0x0800308c   Section        0  tim.o(i.MX_TIM4_Init)
    i.MX_TIM5_Init                           0x08003104   Section        0  tim.o(i.MX_TIM5_Init)
    i.MX_TIM6_Init                           0x08003180   Section        0  tim.o(i.MX_TIM6_Init)
    i.MX_TIM8_Init                           0x080031dc   Section        0  tim.o(i.MX_TIM8_Init)
    i.MX_TIM9_Init                           0x080032fc   Section        0  tim.o(i.MX_TIM9_Init)
    i.MX_UART4_Init                          0x080033a8   Section        0  usart.o(i.MX_UART4_Init)
    i.MX_USART1_UART_Init                    0x080033f4   Section        0  usart.o(i.MX_USART1_UART_Init)
    i.MX_USART3_UART_Init                    0x08003440   Section        0  usart.o(i.MX_USART3_UART_Init)
    i.Mecanum_Drive                          0x0800348c   Section        0  path_planning.o(i.Mecanum_Drive)
    i.MemManage_Handler                      0x08003608   Section        0  stm32f4xx_it.o(i.MemManage_Handler)
    i.Motor_Init                             0x0800360c   Section        0  motor.o(i.Motor_Init)
    i.Motor_Stop                             0x0800365c   Section        0  path_planning.o(i.Motor_Stop)
    i.NMI_Handler                            0x08003680   Section        0  stm32f4xx_it.o(i.NMI_Handler)
    i.NVIC_SetPriority                       0x08003682   Section        0  stm32f4xx_hal_cortex.o(i.NVIC_SetPriority)
    NVIC_SetPriority                         0x08003683   Thumb Code    32  stm32f4xx_hal_cortex.o(i.NVIC_SetPriority)
    i.OpenMV_control                         0x080036a4   Section        0  openmv_rx.o(i.OpenMV_control)
    i.OpenMV_control_R                       0x08003778   Section        0  openmv_rx.o(i.OpenMV_control_R)
    i.PID_Init                               0x080037f4   Section        0  pid.o(i.PID_Init)
    i.Path_All_Deal                          0x08003818   Section        0  path_planning.o(i.Path_All_Deal)
    i.Path_Eight_Deal                        0x0800388c   Section        0  path_planning.o(i.Path_Eight_Deal)
    i.Path_Eleven_Deal                       0x0800398c   Section        0  path_planning.o(i.Path_Eleven_Deal)
    i.Path_Five_Deal                         0x08003a70   Section        0  path_planning.o(i.Path_Five_Deal)
    i.Path_Four_Deal                         0x08003b5c   Section        0  path_planning.o(i.Path_Four_Deal)
    i.Path_Init                              0x08003c60   Section        0  path_planning.o(i.Path_Init)
    i.Path_Nine_Deal                         0x08003c80   Section        0  path_planning.o(i.Path_Nine_Deal)
    i.Path_One_Deal                          0x08003d64   Section        0  path_planning.o(i.Path_One_Deal)
    i.Path_Plan_Finish                       0x08003e4c   Section        0  path_planning.o(i.Path_Plan_Finish)
    i.Path_Seven_Deal                        0x08003ec0   Section        0  path_planning.o(i.Path_Seven_Deal)
    i.Path_Six_Deal                          0x08003fb0   Section        0  path_planning.o(i.Path_Six_Deal)
    i.Path_Ten_Deal                          0x080040b4   Section        0  path_planning.o(i.Path_Ten_Deal)
    i.Path_Three_Deal                        0x080041bc   Section        0  path_planning.o(i.Path_Three_Deal)
    i.Path_Twelve_Deal                       0x080042a8   Section        0  path_planning.o(i.Path_Twelve_Deal)
    i.Path_Two_Deal                          0x080043a4   Section        0  path_planning.o(i.Path_Two_Deal)
    i.Path_Zero_Deal                         0x0800449c   Section        0  path_planning.o(i.Path_Zero_Deal)
    i.PendSV_Handler                         0x08004500   Section        0  stm32f4xx_it.o(i.PendSV_Handler)
    i.Picking_Up                             0x08004504   Section        0  sevor.o(i.Picking_Up)
    i.Position_HCSR_PID_Calc                 0x0800451c   Section        0  pid.o(i.Position_HCSR_PID_Calc)
    i.Position_YAW_PID_Calc                  0x080045b0   Section        0  pid.o(i.Position_YAW_PID_Calc)
    i.Read_Encoder                           0x08004644   Section        0  encoder.o(i.Read_Encoder)
    i.Rotate_Left                            0x08004684   Section        0  path_planning.o(i.Rotate_Left)
    i.Rotate_Right                           0x080046b0   Section        0  path_planning.o(i.Rotate_Right)
    i.SVC_Handler                            0x080046dc   Section        0  stm32f4xx_it.o(i.SVC_Handler)
    i.Set_Pwm                                0x080046e0   Section        0  motor.o(i.Set_Pwm)
    i.Sevor_Init                             0x08004744   Section        0  sevor.o(i.Sevor_Init)
    i.SpeedPID_Calc                          0x08004774   Section        0  path_planning.o(i.SpeedPID_Calc)
    i.SysTick_Handler                        0x08004830   Section        0  stm32f4xx_it.o(i.SysTick_Handler)
    i.SystemClock_Config                     0x08004840   Section        0  main.o(i.SystemClock_Config)
    i.SystemInit                             0x080048dc   Section        0  system_stm32f4xx.o(i.SystemInit)
    i.TIM1_BRK_TIM9_IRQHandler               0x08004930   Section        0  stm32f4xx_it.o(i.TIM1_BRK_TIM9_IRQHandler)
    i.TIM1_UP_TIM10_IRQHandler               0x0800494c   Section        0  stm32f4xx_it.o(i.TIM1_UP_TIM10_IRQHandler)
    i.TIM6_DAC_IRQHandler                    0x08004968   Section        0  stm32f4xx_it.o(i.TIM6_DAC_IRQHandler)
    i.TIM8_BRK_TIM12_IRQHandler              0x08004974   Section        0  stm32f4xx_it.o(i.TIM8_BRK_TIM12_IRQHandler)
    i.TIM8_UP_TIM13_IRQHandler               0x08004990   Section        0  stm32f4xx_it.o(i.TIM8_UP_TIM13_IRQHandler)
    i.TIM_Base_SetConfig                     0x080049ac   Section        0  stm32f4xx_hal_tim.o(i.TIM_Base_SetConfig)
    i.TIM_CCxChannelCmd                      0x08004a6c   Section        0  stm32f4xx_hal_tim.o(i.TIM_CCxChannelCmd)
    i.TIM_ETR_SetConfig                      0x08004a82   Section        0  stm32f4xx_hal_tim.o(i.TIM_ETR_SetConfig)
    TIM_ETR_SetConfig                        0x08004a83   Thumb Code    20  stm32f4xx_hal_tim.o(i.TIM_ETR_SetConfig)
    i.TIM_ITRx_SetConfig                     0x08004a96   Section        0  stm32f4xx_hal_tim.o(i.TIM_ITRx_SetConfig)
    TIM_ITRx_SetConfig                       0x08004a97   Thumb Code    16  stm32f4xx_hal_tim.o(i.TIM_ITRx_SetConfig)
    i.TIM_OC1_SetConfig                      0x08004aa8   Section        0  stm32f4xx_hal_tim.o(i.TIM_OC1_SetConfig)
    TIM_OC1_SetConfig                        0x08004aa9   Thumb Code    80  stm32f4xx_hal_tim.o(i.TIM_OC1_SetConfig)
    i.TIM_OC2_SetConfig                      0x08004b00   Section        0  stm32f4xx_hal_tim.o(i.TIM_OC2_SetConfig)
    i.TIM_OC3_SetConfig                      0x08004b64   Section        0  stm32f4xx_hal_tim.o(i.TIM_OC3_SetConfig)
    TIM_OC3_SetConfig                        0x08004b65   Thumb Code    88  stm32f4xx_hal_tim.o(i.TIM_OC3_SetConfig)
    i.TIM_OC4_SetConfig                      0x08004bc4   Section        0  stm32f4xx_hal_tim.o(i.TIM_OC4_SetConfig)
    TIM_OC4_SetConfig                        0x08004bc5   Thumb Code    70  stm32f4xx_hal_tim.o(i.TIM_OC4_SetConfig)
    i.TIM_TI1_ConfigInputStage               0x08004c14   Section        0  stm32f4xx_hal_tim.o(i.TIM_TI1_ConfigInputStage)
    TIM_TI1_ConfigInputStage                 0x08004c15   Thumb Code    34  stm32f4xx_hal_tim.o(i.TIM_TI1_ConfigInputStage)
    i.TIM_TI1_SetConfig                      0x08004c38   Section        0  stm32f4xx_hal_tim.o(i.TIM_TI1_SetConfig)
    i.TIM_TI2_ConfigInputStage               0x08004cbc   Section        0  stm32f4xx_hal_tim.o(i.TIM_TI2_ConfigInputStage)
    TIM_TI2_ConfigInputStage                 0x08004cbd   Thumb Code    36  stm32f4xx_hal_tim.o(i.TIM_TI2_ConfigInputStage)
    i.TIM_TI2_SetConfig                      0x08004ce0   Section        0  stm32f4xx_hal_tim.o(i.TIM_TI2_SetConfig)
    TIM_TI2_SetConfig                        0x08004ce1   Thumb Code    54  stm32f4xx_hal_tim.o(i.TIM_TI2_SetConfig)
    i.UART_DMAAbortOnError                   0x08004d16   Section        0  stm32f4xx_hal_uart.o(i.UART_DMAAbortOnError)
    UART_DMAAbortOnError                     0x08004d17   Thumb Code    16  stm32f4xx_hal_uart.o(i.UART_DMAAbortOnError)
    i.UART_DMAError                          0x08004d26   Section        0  stm32f4xx_hal_uart.o(i.UART_DMAError)
    UART_DMAError                            0x08004d27   Thumb Code    74  stm32f4xx_hal_uart.o(i.UART_DMAError)
    i.UART_DMAReceiveCplt                    0x08004d70   Section        0  stm32f4xx_hal_uart.o(i.UART_DMAReceiveCplt)
    UART_DMAReceiveCplt                      0x08004d71   Thumb Code    60  stm32f4xx_hal_uart.o(i.UART_DMAReceiveCplt)
    i.UART_DMARxHalfCplt                     0x08004dac   Section        0  stm32f4xx_hal_uart.o(i.UART_DMARxHalfCplt)
    UART_DMARxHalfCplt                       0x08004dad   Thumb Code    10  stm32f4xx_hal_uart.o(i.UART_DMARxHalfCplt)
    i.UART_DMATransmitCplt                   0x08004db6   Section        0  stm32f4xx_hal_uart.o(i.UART_DMATransmitCplt)
    UART_DMATransmitCplt                     0x08004db7   Thumb Code    46  stm32f4xx_hal_uart.o(i.UART_DMATransmitCplt)
    i.UART_DMATxHalfCplt                     0x08004de4   Section        0  stm32f4xx_hal_uart.o(i.UART_DMATxHalfCplt)
    UART_DMATxHalfCplt                       0x08004de5   Thumb Code    10  stm32f4xx_hal_uart.o(i.UART_DMATxHalfCplt)
    i.UART_EndRxTransfer                     0x08004dee   Section        0  stm32f4xx_hal_uart.o(i.UART_EndRxTransfer)
    UART_EndRxTransfer                       0x08004def   Thumb Code    28  stm32f4xx_hal_uart.o(i.UART_EndRxTransfer)
    i.UART_EndTxTransfer                     0x08004e0a   Section        0  stm32f4xx_hal_uart.o(i.UART_EndTxTransfer)
    UART_EndTxTransfer                       0x08004e0b   Thumb Code    18  stm32f4xx_hal_uart.o(i.UART_EndTxTransfer)
    i.UART_Receive_IT                        0x08004e1c   Section        0  stm32f4xx_hal_uart.o(i.UART_Receive_IT)
    UART_Receive_IT                          0x08004e1d   Thumb Code   140  stm32f4xx_hal_uart.o(i.UART_Receive_IT)
    i.UART_SetConfig                         0x08004ea8   Section        0  stm32f4xx_hal_uart.o(i.UART_SetConfig)
    UART_SetConfig                           0x08004ea9   Thumb Code   676  stm32f4xx_hal_uart.o(i.UART_SetConfig)
    i.UART_Transmit_IT                       0x08005154   Section        0  stm32f4xx_hal_uart.o(i.UART_Transmit_IT)
    UART_Transmit_IT                         0x08005155   Thumb Code    98  stm32f4xx_hal_uart.o(i.UART_Transmit_IT)
    i.UART_WaitOnFlagUntilTimeout            0x080051b6   Section        0  stm32f4xx_hal_uart.o(i.UART_WaitOnFlagUntilTimeout)
    UART_WaitOnFlagUntilTimeout              0x080051b7   Thumb Code   100  stm32f4xx_hal_uart.o(i.UART_WaitOnFlagUntilTimeout)
    i.USART1_IRQHandler                      0x0800521c   Section        0  stm32f4xx_it.o(i.USART1_IRQHandler)
    i.USART3_IRQHandler                      0x08005228   Section        0  stm32f4xx_it.o(i.USART3_IRQHandler)
    i.UsageFault_Handler                     0x08005234   Section        0  stm32f4xx_it.o(i.UsageFault_Handler)
    i.YawPID_Calc                            0x08005238   Section        0  path_planning.o(i.YawPID_Calc)
    i._Error_Handler                         0x08005274   Section        0  main.o(i._Error_Handler)
    i.__0printf$1                            0x08005278   Section        0  printf1.o(i.__0printf$1)
    i.__ARM_fpclassify                       0x08005298   Section        0  fpclassify.o(i.__ARM_fpclassify)
    i.__hardfp_atan                          0x080052c8   Section        0  atan.o(i.__hardfp_atan)
    i.__hardfp_atan2                         0x080055a0   Section        0  atan2.o(i.__hardfp_atan2)
    i.__kernel_poly                          0x08005790   Section        0  poly.o(i.__kernel_poly)
    i.__mathlib_dbl_infnan                   0x08005888   Section        0  dunder.o(i.__mathlib_dbl_infnan)
    i.__mathlib_dbl_infnan2                  0x0800589c   Section        0  dunder.o(i.__mathlib_dbl_infnan2)
    i.__mathlib_dbl_underflow                0x080058b0   Section        0  dunder.o(i.__mathlib_dbl_underflow)
    i.__scatterload_copy                     0x080058d0   Section       14  handlers.o(i.__scatterload_copy)
    i.__scatterload_null                     0x080058de   Section        2  handlers.o(i.__scatterload_null)
    i.__scatterload_zeroinit                 0x080058e0   Section       14  handlers.o(i.__scatterload_zeroinit)
    i._printf_core                           0x080058f0   Section        0  printf1.o(i._printf_core)
    _printf_core                             0x080058f1   Thumb Code   336  printf1.o(i._printf_core)
    i.atan                                   0x08005a44   Section        0  atan.o(i.atan)
    i.fabs                                   0x08005a54   Section        0  fabs.o(i.fabs)
    i.fputc                                  0x08005a6c   Section        0  main.o(i.fputc)
    i.main                                   0x08005a84   Section        0  main.o(i.main)
    .constdata                               0x08005bd8   Section        8  stm32f4xx_hal_dma.o(.constdata)
    flagBitshiftOffset                       0x08005bd8   Data           8  stm32f4xx_hal_dma.o(.constdata)
    .constdata                               0x08005be0   Section       16  system_stm32f4xx.o(.constdata)
    .constdata                               0x08005bf0   Section        8  system_stm32f4xx.o(.constdata)
    .constdata                               0x08005bf8   Section      152  atan.o(.constdata)
    atanhi                                   0x08005bf8   Data          32  atan.o(.constdata)
    atanlo                                   0x08005c18   Data          32  atan.o(.constdata)
    aTodd                                    0x08005c38   Data          40  atan.o(.constdata)
    aTeven                                   0x08005c60   Data          48  atan.o(.constdata)
    .constdata                               0x08005c90   Section        8  qnan.o(.constdata)
    .data                                    0x20000000   Section       12  gy953.o(.data)
    .data                                    0x2000000c   Section       48  pid.o(.data)
    Bias                                     0x2000000c   Data           4  pid.o(.data)
    Last_bias                                0x20000010   Data           4  pid.o(.data)
    Integral_bias                            0x20000014   Data           4  pid.o(.data)
    outPut                                   0x20000018   Data           4  pid.o(.data)
    Bias                                     0x2000001c   Data           4  pid.o(.data)
    Last_bias                                0x20000020   Data           4  pid.o(.data)
    Integral_bias                            0x20000024   Data           4  pid.o(.data)
    outPut                                   0x20000028   Data           4  pid.o(.data)
    Bias                                     0x2000002c   Data           4  pid.o(.data)
    Last_bias                                0x20000030   Data           4  pid.o(.data)
    Integral_bias                            0x20000034   Data           4  pid.o(.data)
    outPut                                   0x20000038   Data           4  pid.o(.data)
    .data                                    0x2000003c   Section       36  path_planning.o(.data)
    .data                                    0x20000060   Section       12  control.o(.data)
    .data                                    0x2000006c   Section       12  stm32f4xx_hal.o(.data)
    .data                                    0x20000078   Section        4  system_stm32f4xx.o(.data)
    .data                                    0x2000007c   Section        4  stdout.o(.data)
    .bss                                     0x20000080   Section      224  hc_sr04.o(.bss)
    .bss                                     0x20000160   Section       16  encoder.o(.bss)
    .bss                                     0x20000170   Section       41  gy953.o(.bss)
    .bss                                     0x2000019c   Section       28  pid.o(.bss)
    .bss                                     0x200001b8   Section       28  pid.o(.bss)
    .bss                                     0x200001d4   Section       28  pid.o(.bss)
    .bss                                     0x200001f0   Section       28  pid.o(.bss)
    .bss                                     0x2000020c   Section       28  pid.o(.bss)
    .bss                                     0x20000228   Section       28  pid.o(.bss)
    .bss                                     0x20000244   Section       30  path_planning.o(.bss)
    .bss                                     0x20000264   Section      720  tim.o(.bss)
    .bss                                     0x20000534   Section      384  usart.o(.bss)
    STACK                                    0x200006b8   Section     1024  startup_stm32f407xx.o(STACK)

    Global Symbols

    Symbol Name                              Value     Ov Type        Size  Object(Section)

    BuildAttributes$$THM_ISAv4$E$P$D$K$B$S$7EM$VFPi3$EXTD16$VFPS$VFMA$PE$A:L22UL41UL21$X:L11$S22US41US21$IEEE1$IW$USESV6$~STKCKD$USESV7$~SHL$OTIME$ROPI$IEEEX$EBA8$MICROLIB$REQ8$PRES8$EABIv2 0x00000000   Number         0  anon$$obj.o ABSOLUTE
    __ARM_use_no_argv                        0x00000000   Number         0  main.o ABSOLUTE
    _printf_a                                0x00000000   Number         0  stubs.o ABSOLUTE
    _printf_c                                0x00000000   Number         0  stubs.o ABSOLUTE
    _printf_charcount                        0x00000000   Number         0  stubs.o ABSOLUTE
    _printf_d                                0x00000000   Number         0  stubs.o ABSOLUTE
    _printf_e                                0x00000000   Number         0  stubs.o ABSOLUTE
    _printf_f                                0x00000000   Number         0  stubs.o ABSOLUTE
    _printf_flags                            0x00000000   Number         0  stubs.o ABSOLUTE
    _printf_fp_dec                           0x00000000   Number         0  stubs.o ABSOLUTE
    _printf_fp_hex                           0x00000000   Number         0  stubs.o ABSOLUTE
    _printf_g                                0x00000000   Number         0  stubs.o ABSOLUTE
    _printf_i                                0x00000000   Number         0  stubs.o ABSOLUTE
    _printf_int_dec                          0x00000000   Number         0  stubs.o ABSOLUTE
    _printf_l                                0x00000000   Number         0  stubs.o ABSOLUTE
    _printf_lc                               0x00000000   Number         0  stubs.o ABSOLUTE
    _printf_ll                               0x00000000   Number         0  stubs.o ABSOLUTE
    _printf_lld                              0x00000000   Number         0  stubs.o ABSOLUTE
    _printf_lli                              0x00000000   Number         0  stubs.o ABSOLUTE
    _printf_llo                              0x00000000   Number         0  stubs.o ABSOLUTE
    _printf_llu                              0x00000000   Number         0  stubs.o ABSOLUTE
    _printf_llx                              0x00000000   Number         0  stubs.o ABSOLUTE
    _printf_longlong_dec                     0x00000000   Number         0  stubs.o ABSOLUTE
    _printf_longlong_hex                     0x00000000   Number         0  stubs.o ABSOLUTE
    _printf_longlong_oct                     0x00000000   Number         0  stubs.o ABSOLUTE
    _printf_ls                               0x00000000   Number         0  stubs.o ABSOLUTE
    _printf_mbtowc                           0x00000000   Number         0  stubs.o ABSOLUTE
    _printf_n                                0x00000000   Number         0  stubs.o ABSOLUTE
    _printf_o                                0x00000000   Number         0  stubs.o ABSOLUTE
    _printf_p                                0x00000000   Number         0  stubs.o ABSOLUTE
    _printf_percent                          0x00000000   Number         0  stubs.o ABSOLUTE
    _printf_pre_padding                      0x00000000   Number         0  stubs.o ABSOLUTE
    _printf_return_value                     0x00000000   Number         0  stubs.o ABSOLUTE
    _printf_s                                0x00000000   Number         0  stubs.o ABSOLUTE
    _printf_sizespec                         0x00000000   Number         0  stubs.o ABSOLUTE
    _printf_str                              0x00000000   Number         0  stubs.o ABSOLUTE
    _printf_truncate_signed                  0x00000000   Number         0  stubs.o ABSOLUTE
    _printf_truncate_unsigned                0x00000000   Number         0  stubs.o ABSOLUTE
    _printf_u                                0x00000000   Number         0  stubs.o ABSOLUTE
    _printf_wc                               0x00000000   Number         0  stubs.o ABSOLUTE
    _printf_wctomb                           0x00000000   Number         0  stubs.o ABSOLUTE
    _printf_widthprec                        0x00000000   Number         0  stubs.o ABSOLUTE
    _printf_x                                0x00000000   Number         0  stubs.o ABSOLUTE
    __cpp_initialize__aeabi_                  - Undefined Weak Reference
    __cxa_finalize                            - Undefined Weak Reference
    __decompress                              - Undefined Weak Reference
    _clock_init                               - Undefined Weak Reference
    _microlib_exit                            - Undefined Weak Reference
    __Vectors_Size                           0x00000188   Number         0  startup_stm32f407xx.o ABSOLUTE
    __Vectors                                0x08000000   Data           4  startup_stm32f407xx.o(RESET)
    __Vectors_End                            0x08000188   Data           0  startup_stm32f407xx.o(RESET)
    __main                                   0x08000189   Thumb Code     0  entry.o(.ARM.Collect$$$$00000000)
    _main_stk                                0x08000189   Thumb Code     0  entry2.o(.ARM.Collect$$$$00000001)
    _main_scatterload                        0x0800018d   Thumb Code     0  entry5.o(.ARM.Collect$$$$00000004)
    __main_after_scatterload                 0x08000191   Thumb Code     0  entry5.o(.ARM.Collect$$$$00000004)
    _main_clock                              0x08000191   Thumb Code     0  entry7b.o(.ARM.Collect$$$$00000008)
    _main_cpp_init                           0x08000191   Thumb Code     0  entry8b.o(.ARM.Collect$$$$0000000A)
    _main_init                               0x08000191   Thumb Code     0  entry9a.o(.ARM.Collect$$$$0000000B)
    __rt_final_cpp                           0x08000199   Thumb Code     0  entry10a.o(.ARM.Collect$$$$0000000D)
    __rt_final_exit                          0x08000199   Thumb Code     0  entry11a.o(.ARM.Collect$$$$0000000F)
    Reset_Handler                            0x0800019d   Thumb Code     8  startup_stm32f407xx.o(.text)
    ADC_IRQHandler                           0x080001b7   Thumb Code     0  startup_stm32f407xx.o(.text)
    CAN1_RX0_IRQHandler                      0x080001b7   Thumb Code     0  startup_stm32f407xx.o(.text)
    CAN1_RX1_IRQHandler                      0x080001b7   Thumb Code     0  startup_stm32f407xx.o(.text)
    CAN1_SCE_IRQHandler                      0x080001b7   Thumb Code     0  startup_stm32f407xx.o(.text)
    CAN1_TX_IRQHandler                       0x080001b7   Thumb Code     0  startup_stm32f407xx.o(.text)
    CAN2_RX0_IRQHandler                      0x080001b7   Thumb Code     0  startup_stm32f407xx.o(.text)
    CAN2_RX1_IRQHandler                      0x080001b7   Thumb Code     0  startup_stm32f407xx.o(.text)
    CAN2_SCE_IRQHandler                      0x080001b7   Thumb Code     0  startup_stm32f407xx.o(.text)
    CAN2_TX_IRQHandler                       0x080001b7   Thumb Code     0  startup_stm32f407xx.o(.text)
    DCMI_IRQHandler                          0x080001b7   Thumb Code     0  startup_stm32f407xx.o(.text)
    DMA1_Stream0_IRQHandler                  0x080001b7   Thumb Code     0  startup_stm32f407xx.o(.text)
    DMA1_Stream2_IRQHandler                  0x080001b7   Thumb Code     0  startup_stm32f407xx.o(.text)
    DMA1_Stream4_IRQHandler                  0x080001b7   Thumb Code     0  startup_stm32f407xx.o(.text)
    DMA1_Stream5_IRQHandler                  0x080001b7   Thumb Code     0  startup_stm32f407xx.o(.text)
    DMA1_Stream6_IRQHandler                  0x080001b7   Thumb Code     0  startup_stm32f407xx.o(.text)
    DMA1_Stream7_IRQHandler                  0x080001b7   Thumb Code     0  startup_stm32f407xx.o(.text)
    DMA2_Stream0_IRQHandler                  0x080001b7   Thumb Code     0  startup_stm32f407xx.o(.text)
    DMA2_Stream1_IRQHandler                  0x080001b7   Thumb Code     0  startup_stm32f407xx.o(.text)
    DMA2_Stream2_IRQHandler                  0x080001b7   Thumb Code     0  startup_stm32f407xx.o(.text)
    DMA2_Stream3_IRQHandler                  0x080001b7   Thumb Code     0  startup_stm32f407xx.o(.text)
    DMA2_Stream4_IRQHandler                  0x080001b7   Thumb Code     0  startup_stm32f407xx.o(.text)
    DMA2_Stream5_IRQHandler                  0x080001b7   Thumb Code     0  startup_stm32f407xx.o(.text)
    DMA2_Stream6_IRQHandler                  0x080001b7   Thumb Code     0  startup_stm32f407xx.o(.text)
    DMA2_Stream7_IRQHandler                  0x080001b7   Thumb Code     0  startup_stm32f407xx.o(.text)
    ETH_IRQHandler                           0x080001b7   Thumb Code     0  startup_stm32f407xx.o(.text)
    ETH_WKUP_IRQHandler                      0x080001b7   Thumb Code     0  startup_stm32f407xx.o(.text)
    EXTI0_IRQHandler                         0x080001b7   Thumb Code     0  startup_stm32f407xx.o(.text)
    EXTI15_10_IRQHandler                     0x080001b7   Thumb Code     0  startup_stm32f407xx.o(.text)
    EXTI1_IRQHandler                         0x080001b7   Thumb Code     0  startup_stm32f407xx.o(.text)
    EXTI2_IRQHandler                         0x080001b7   Thumb Code     0  startup_stm32f407xx.o(.text)
    EXTI3_IRQHandler                         0x080001b7   Thumb Code     0  startup_stm32f407xx.o(.text)
    EXTI4_IRQHandler                         0x080001b7   Thumb Code     0  startup_stm32f407xx.o(.text)
    EXTI9_5_IRQHandler                       0x080001b7   Thumb Code     0  startup_stm32f407xx.o(.text)
    FLASH_IRQHandler                         0x080001b7   Thumb Code     0  startup_stm32f407xx.o(.text)
    FMC_IRQHandler                           0x080001b7   Thumb Code     0  startup_stm32f407xx.o(.text)
    FPU_IRQHandler                           0x080001b7   Thumb Code     0  startup_stm32f407xx.o(.text)
    HASH_RNG_IRQHandler                      0x080001b7   Thumb Code     0  startup_stm32f407xx.o(.text)
    I2C1_ER_IRQHandler                       0x080001b7   Thumb Code     0  startup_stm32f407xx.o(.text)
    I2C1_EV_IRQHandler                       0x080001b7   Thumb Code     0  startup_stm32f407xx.o(.text)
    I2C2_ER_IRQHandler                       0x080001b7   Thumb Code     0  startup_stm32f407xx.o(.text)
    I2C2_EV_IRQHandler                       0x080001b7   Thumb Code     0  startup_stm32f407xx.o(.text)
    I2C3_ER_IRQHandler                       0x080001b7   Thumb Code     0  startup_stm32f407xx.o(.text)
    I2C3_EV_IRQHandler                       0x080001b7   Thumb Code     0  startup_stm32f407xx.o(.text)
    OTG_FS_IRQHandler                        0x080001b7   Thumb Code     0  startup_stm32f407xx.o(.text)
    OTG_FS_WKUP_IRQHandler                   0x080001b7   Thumb Code     0  startup_stm32f407xx.o(.text)
    OTG_HS_EP1_IN_IRQHandler                 0x080001b7   Thumb Code     0  startup_stm32f407xx.o(.text)
    OTG_HS_EP1_OUT_IRQHandler                0x080001b7   Thumb Code     0  startup_stm32f407xx.o(.text)
    OTG_HS_IRQHandler                        0x080001b7   Thumb Code     0  startup_stm32f407xx.o(.text)
    OTG_HS_WKUP_IRQHandler                   0x080001b7   Thumb Code     0  startup_stm32f407xx.o(.text)
    PVD_IRQHandler                           0x080001b7   Thumb Code     0  startup_stm32f407xx.o(.text)
    RCC_IRQHandler                           0x080001b7   Thumb Code     0  startup_stm32f407xx.o(.text)
    RTC_Alarm_IRQHandler                     0x080001b7   Thumb Code     0  startup_stm32f407xx.o(.text)
    RTC_WKUP_IRQHandler                      0x080001b7   Thumb Code     0  startup_stm32f407xx.o(.text)
    SDIO_IRQHandler                          0x080001b7   Thumb Code     0  startup_stm32f407xx.o(.text)
    SPI1_IRQHandler                          0x080001b7   Thumb Code     0  startup_stm32f407xx.o(.text)
    SPI2_IRQHandler                          0x080001b7   Thumb Code     0  startup_stm32f407xx.o(.text)
    SPI3_IRQHandler                          0x080001b7   Thumb Code     0  startup_stm32f407xx.o(.text)
    TAMP_STAMP_IRQHandler                    0x080001b7   Thumb Code     0  startup_stm32f407xx.o(.text)
    TIM1_CC_IRQHandler                       0x080001b7   Thumb Code     0  startup_stm32f407xx.o(.text)
    TIM1_TRG_COM_TIM11_IRQHandler            0x080001b7   Thumb Code     0  startup_stm32f407xx.o(.text)
    TIM2_IRQHandler                          0x080001b7   Thumb Code     0  startup_stm32f407xx.o(.text)
    TIM3_IRQHandler                          0x080001b7   Thumb Code     0  startup_stm32f407xx.o(.text)
    TIM4_IRQHandler                          0x080001b7   Thumb Code     0  startup_stm32f407xx.o(.text)
    TIM5_IRQHandler                          0x080001b7   Thumb Code     0  startup_stm32f407xx.o(.text)
    TIM7_IRQHandler                          0x080001b7   Thumb Code     0  startup_stm32f407xx.o(.text)
    TIM8_CC_IRQHandler                       0x080001b7   Thumb Code     0  startup_stm32f407xx.o(.text)
    TIM8_TRG_COM_TIM14_IRQHandler            0x080001b7   Thumb Code     0  startup_stm32f407xx.o(.text)
    UART4_IRQHandler                         0x080001b7   Thumb Code     0  startup_stm32f407xx.o(.text)
    UART5_IRQHandler                         0x080001b7   Thumb Code     0  startup_stm32f407xx.o(.text)
    USART2_IRQHandler                        0x080001b7   Thumb Code     0  startup_stm32f407xx.o(.text)
    USART6_IRQHandler                        0x080001b7   Thumb Code     0  startup_stm32f407xx.o(.text)
    WWDG_IRQHandler                          0x080001b7   Thumb Code     0  startup_stm32f407xx.o(.text)
    __aeabi_uldivmod                         0x080001c1   Thumb Code    98  uldiv.o(.text)
    __aeabi_dadd                             0x08000223   Thumb Code   322  dadd.o(.text)
    __aeabi_dsub                             0x08000365   Thumb Code     6  dadd.o(.text)
    __aeabi_drsub                            0x0800036b   Thumb Code     6  dadd.o(.text)
    __aeabi_dmul                             0x08000371   Thumb Code   228  dmul.o(.text)
    __aeabi_i2d                              0x08000455   Thumb Code    34  dflti.o(.text)
    __aeabi_ui2d                             0x08000477   Thumb Code    26  dfltui.o(.text)
    __aeabi_d2iz                             0x08000491   Thumb Code    62  dfixi.o(.text)
    __aeabi_d2uiz                            0x080004cf   Thumb Code    50  dfixui.o(.text)
    __aeabi_uidiv                            0x08000501   Thumb Code     0  uidiv.o(.text)
    __aeabi_uidivmod                         0x08000501   Thumb Code    44  uidiv.o(.text)
    __aeabi_llsl                             0x0800052d   Thumb Code    30  llshl.o(.text)
    _ll_shift_l                              0x0800052d   Thumb Code     0  llshl.o(.text)
    __aeabi_llsr                             0x0800054b   Thumb Code    32  llushr.o(.text)
    _ll_ushift_r                             0x0800054b   Thumb Code     0  llushr.o(.text)
    __aeabi_lasr                             0x0800056b   Thumb Code    36  llsshr.o(.text)
    _ll_sshift_r                             0x0800056b   Thumb Code     0  llsshr.o(.text)
    __I$use$fp                               0x0800058f   Thumb Code     0  iusefp.o(.text)
    _double_round                            0x0800058f   Thumb Code    30  depilogue.o(.text)
    _double_epilogue                         0x080005ad   Thumb Code   156  depilogue.o(.text)
    __aeabi_ddiv                             0x08000649   Thumb Code   222  ddiv.o(.text)
    __scatterload                            0x08000729   Thumb Code    28  init.o(.text)
    __scatterload_rt2                        0x08000729   Thumb Code     0  init.o(.text)
    Angle_Init                               0x0800074d   Thumb Code   116  gy953.o(i.Angle_Init)
    Angle_change                             0x080007c5   Thumb Code    80  gy953.o(i.Angle_change)
    BusFault_Handler                         0x08000819   Thumb Code     2  stm32f4xx_it.o(i.BusFault_Handler)
    DMA1_Stream1_IRQHandler                  0x0800081d   Thumb Code     6  stm32f4xx_it.o(i.DMA1_Stream1_IRQHandler)
    DMA1_Stream3_IRQHandler                  0x08000829   Thumb Code     6  stm32f4xx_it.o(i.DMA1_Stream3_IRQHandler)
    DebugMon_Handler                         0x080008d9   Thumb Code     2  stm32f4xx_it.o(i.DebugMon_Handler)
    Encoder_Init                             0x080008dd   Thumb Code    38  encoder.o(i.Encoder_Init)
    Encoder_Update                           0x08000915   Thumb Code    42  encoder.o(i.Encoder_Update)
    GY953_GetDate                            0x08000941   Thumb Code   130  gy953.o(i.GY953_GetDate)
    GY953_Init                               0x080009d1   Thumb Code    96  gy953.o(i.GY953_Init)
    Go_Stright_Low_line                      0x08000a3d   Thumb Code    86  path_planning.o(i.Go_Stright_Low_line)
    Go_Stright_line                          0x08000aad   Thumb Code   192  path_planning.o(i.Go_Stright_line)
    HAL_DMA_Abort_IT                         0x08000b85   Thumb Code    36  stm32f4xx_hal_dma.o(i.HAL_DMA_Abort_IT)
    HAL_DMA_IRQHandler                       0x08000ba9   Thumb Code   412  stm32f4xx_hal_dma.o(i.HAL_DMA_IRQHandler)
    HAL_DMA_Init                             0x08000d49   Thumb Code   206  stm32f4xx_hal_dma.o(i.HAL_DMA_Init)
    HAL_DMA_Start_IT                         0x08000e1d   Thumb Code   120  stm32f4xx_hal_dma.o(i.HAL_DMA_Start_IT)
    HAL_Delay                                0x08000e95   Thumb Code    32  stm32f4xx_hal.o(i.HAL_Delay)
    HAL_GPIO_Init                            0x08000eb9   Thumb Code   388  stm32f4xx_hal_gpio.o(i.HAL_GPIO_Init)
    HAL_GPIO_ReadPin                         0x08001069   Thumb Code    10  stm32f4xx_hal_gpio.o(i.HAL_GPIO_ReadPin)
    HAL_GPIO_WritePin                        0x08001073   Thumb Code    10  stm32f4xx_hal_gpio.o(i.HAL_GPIO_WritePin)
    HAL_GetTick                              0x0800107d   Thumb Code     6  stm32f4xx_hal.o(i.HAL_GetTick)
    HAL_IncTick                              0x08001089   Thumb Code    12  stm32f4xx_hal.o(i.HAL_IncTick)
    HAL_Init                                 0x08001099   Thumb Code    48  stm32f4xx_hal.o(i.HAL_Init)
    HAL_InitTick                             0x080010cd   Thumb Code    54  stm32f4xx_hal.o(i.HAL_InitTick)
    HAL_MspInit                              0x0800110d   Thumb Code   126  stm32f4xx_hal_msp.o(i.HAL_MspInit)
    HAL_NVIC_EnableIRQ                       0x08001191   Thumb Code    22  stm32f4xx_hal_cortex.o(i.HAL_NVIC_EnableIRQ)
    HAL_NVIC_SetPriority                     0x080011a9   Thumb Code    60  stm32f4xx_hal_cortex.o(i.HAL_NVIC_SetPriority)
    HAL_NVIC_SetPriorityGrouping             0x080011e9   Thumb Code    26  stm32f4xx_hal_cortex.o(i.HAL_NVIC_SetPriorityGrouping)
    HAL_RCC_ClockConfig                      0x0800120d   Thumb Code   286  stm32f4xx_hal_rcc.o(i.HAL_RCC_ClockConfig)
    HAL_RCC_GetHCLKFreq                      0x0800133d   Thumb Code     6  stm32f4xx_hal_rcc.o(i.HAL_RCC_GetHCLKFreq)
    HAL_RCC_GetPCLK1Freq                     0x08001349   Thumb Code    20  stm32f4xx_hal_rcc.o(i.HAL_RCC_GetPCLK1Freq)
    HAL_RCC_GetPCLK2Freq                     0x08001369   Thumb Code    20  stm32f4xx_hal_rcc.o(i.HAL_RCC_GetPCLK2Freq)
    HAL_RCC_GetSysClockFreq                  0x08001389   Thumb Code    88  stm32f4xx_hal_rcc.o(i.HAL_RCC_GetSysClockFreq)
    HAL_RCC_OscConfig                        0x080013e9   Thumb Code   770  stm32f4xx_hal_rcc.o(i.HAL_RCC_OscConfig)
    HAL_SYSTICK_CLKSourceConfig              0x08001705   Thumb Code    24  stm32f4xx_hal_cortex.o(i.HAL_SYSTICK_CLKSourceConfig)
    HAL_SYSTICK_Callback                     0x0800171d   Thumb Code     2  stm32f4xx_hal_cortex.o(i.HAL_SYSTICK_Callback)
    HAL_SYSTICK_Config                       0x0800171f   Thumb Code    40  stm32f4xx_hal_cortex.o(i.HAL_SYSTICK_Config)
    HAL_SYSTICK_IRQHandler                   0x08001747   Thumb Code     8  stm32f4xx_hal_cortex.o(i.HAL_SYSTICK_IRQHandler)
    HAL_TIMEx_BreakCallback                  0x0800174f   Thumb Code     2  stm32f4xx_hal_tim_ex.o(i.HAL_TIMEx_BreakCallback)
    HAL_TIMEx_CommutationCallback            0x08001751   Thumb Code     2  stm32f4xx_hal_tim_ex.o(i.HAL_TIMEx_CommutationCallback)
    HAL_TIMEx_ConfigBreakDeadTime            0x08001753   Thumb Code    90  stm32f4xx_hal_tim_ex.o(i.HAL_TIMEx_ConfigBreakDeadTime)
    HAL_TIMEx_MasterConfigSynchronization    0x080017ad   Thumb Code    80  stm32f4xx_hal_tim_ex.o(i.HAL_TIMEx_MasterConfigSynchronization)
    HAL_TIM_Base_Init                        0x080017fd   Thumb Code    54  stm32f4xx_hal_tim.o(i.HAL_TIM_Base_Init)
    HAL_TIM_Base_MspInit                     0x08001835   Thumb Code   368  tim.o(i.HAL_TIM_Base_MspInit)
    HAL_TIM_Base_Start_IT                    0x080019d1   Thumb Code    24  stm32f4xx_hal_tim.o(i.HAL_TIM_Base_Start_IT)
    HAL_TIM_Base_Stop_IT                     0x080019e9   Thumb Code    42  stm32f4xx_hal_tim.o(i.HAL_TIM_Base_Stop_IT)
    HAL_TIM_ConfigClockSource                0x08001a13   Thumb Code   242  stm32f4xx_hal_tim.o(i.HAL_TIM_ConfigClockSource)
    HAL_TIM_Encoder_Init                     0x08001b05   Thumb Code   150  stm32f4xx_hal_tim.o(i.HAL_TIM_Encoder_Init)
    HAL_TIM_Encoder_MspInit                  0x08001b9d   Thumb Code   196  tim.o(i.HAL_TIM_Encoder_MspInit)
    HAL_TIM_Encoder_Start                    0x08001c7d   Thumb Code    52  stm32f4xx_hal_tim.o(i.HAL_TIM_Encoder_Start)
    HAL_TIM_IC_CaptureCallback               0x08001cb1   Thumb Code    76  hc_sr04.o(i.HAL_TIM_IC_CaptureCallback)
    HAL_TIM_IC_ConfigChannel                 0x08001d0d   Thumb Code   286  stm32f4xx_hal_tim.o(i.HAL_TIM_IC_ConfigChannel)
    HAL_TIM_IC_Init                          0x08001e2b   Thumb Code    54  stm32f4xx_hal_tim.o(i.HAL_TIM_IC_Init)
    HAL_TIM_IC_MspInit                       0x08001e61   Thumb Code     2  stm32f4xx_hal_tim.o(i.HAL_TIM_IC_MspInit)
    HAL_TIM_IC_Start_IT                      0x08001e63   Thumb Code    76  stm32f4xx_hal_tim.o(i.HAL_TIM_IC_Start_IT)
    HAL_TIM_IRQHandler                       0x08001eaf   Thumb Code   358  stm32f4xx_hal_tim.o(i.HAL_TIM_IRQHandler)
    HAL_TIM_MspPostInit                      0x08002015   Thumb Code   122  tim.o(i.HAL_TIM_MspPostInit)
    HAL_TIM_OC_DelayElapsedCallback          0x080020b1   Thumb Code     2  stm32f4xx_hal_tim.o(i.HAL_TIM_OC_DelayElapsedCallback)
    HAL_TIM_PWM_ConfigChannel                0x080020b3   Thumb Code   208  stm32f4xx_hal_tim.o(i.HAL_TIM_PWM_ConfigChannel)
    HAL_TIM_PWM_Init                         0x08002183   Thumb Code    54  stm32f4xx_hal_tim.o(i.HAL_TIM_PWM_Init)
    HAL_TIM_PWM_MspInit                      0x080021b9   Thumb Code     2  stm32f4xx_hal_tim.o(i.HAL_TIM_PWM_MspInit)
    HAL_TIM_PWM_PulseFinishedCallback        0x080021bb   Thumb Code     2  stm32f4xx_hal_tim.o(i.HAL_TIM_PWM_PulseFinishedCallback)
    HAL_TIM_PWM_Start                        0x080021bd   Thumb Code    48  stm32f4xx_hal_tim.o(i.HAL_TIM_PWM_Start)
    HAL_TIM_PeriodElapsedCallback            0x080021f5   Thumb Code    76  control.o(i.HAL_TIM_PeriodElapsedCallback)
    HAL_TIM_ReadCapturedValue                0x08002249   Thumb Code    68  stm32f4xx_hal_tim.o(i.HAL_TIM_ReadCapturedValue)
    HAL_TIM_TriggerCallback                  0x0800228d   Thumb Code     2  stm32f4xx_hal_tim.o(i.HAL_TIM_TriggerCallback)
    HAL_UART_ErrorCallback                   0x0800228f   Thumb Code     2  stm32f4xx_hal_uart.o(i.HAL_UART_ErrorCallback)
    HAL_UART_IRQHandler                      0x08002291   Thumb Code   266  stm32f4xx_hal_uart.o(i.HAL_UART_IRQHandler)
    HAL_UART_Init                            0x080023a1   Thumb Code    98  stm32f4xx_hal_uart.o(i.HAL_UART_Init)
    HAL_UART_MspInit                         0x08002405   Thumb Code   302  usart.o(i.HAL_UART_MspInit)
    HAL_UART_Receive_DMA                     0x08002569   Thumb Code   138  stm32f4xx_hal_uart.o(i.HAL_UART_Receive_DMA)
    HAL_UART_RxCpltCallback                  0x08002601   Thumb Code     2  stm32f4xx_hal_uart.o(i.HAL_UART_RxCpltCallback)
    HAL_UART_RxHalfCpltCallback              0x08002603   Thumb Code     2  stm32f4xx_hal_uart.o(i.HAL_UART_RxHalfCpltCallback)
    HAL_UART_Transmit                        0x08002605   Thumb Code   186  stm32f4xx_hal_uart.o(i.HAL_UART_Transmit)
    HAL_UART_Transmit_DMA                    0x080026c1   Thumb Code   114  stm32f4xx_hal_uart.o(i.HAL_UART_Transmit_DMA)
    HAL_UART_TxCpltCallback                  0x08002741   Thumb Code     2  stm32f4xx_hal_uart.o(i.HAL_UART_TxCpltCallback)
    HAL_UART_TxHalfCpltCallback              0x08002743   Thumb Code     2  stm32f4xx_hal_uart.o(i.HAL_UART_TxHalfCpltCallback)
    HCSRPID_Calc                             0x08002745   Thumb Code    76  path_planning.o(i.HCSRPID_Calc)
    HC_SR04_Trig                             0x080027a5   Thumb Code   142  hc_sr04.o(i.HC_SR04_Trig)
    HardFault_Handler                        0x08002839   Thumb Code     2  stm32f4xx_it.o(i.HardFault_Handler)
    HcSr04_CaptureCallBack                   0x0800283d   Thumb Code   336  hc_sr04.o(i.HcSr04_CaptureCallBack)
    HcSr04_Delay                             0x080029a1   Thumb Code    12  hc_sr04.o(i.HcSr04_Delay)
    HcSr04_Init                              0x080029ad   Thumb Code    88  hc_sr04.o(i.HcSr04_Init)
    Hcsr04_Fliter                            0x08002a11   Thumb Code    68  hc_sr04.o(i.Hcsr04_Fliter)
    Inc_PID_Calc                             0x08002a55   Thumb Code   150  pid.o(i.Inc_PID_Calc)
    LED_Flashing                             0x08002af1   Thumb Code    46  led.o(i.LED_Flashing)
    LED_Slow_Flashing                        0x08002b25   Thumb Code    62  led.o(i.LED_Slow_Flashing)
    MX_DMA_Init                              0x08002b69   Thumb Code    56  dma.o(i.MX_DMA_Init)
    MX_GPIO_Init                             0x08002ba5   Thumb Code   188  gpio.o(i.MX_GPIO_Init)
    MX_TIM10_Init                            0x08002c71   Thumb Code    96  tim.o(i.MX_TIM10_Init)
    MX_TIM11_Init                            0x08002ce9   Thumb Code   104  tim.o(i.MX_TIM11_Init)
    MX_TIM12_Init                            0x08002d69   Thumb Code   148  tim.o(i.MX_TIM12_Init)
    MX_TIM13_Init                            0x08002e15   Thumb Code   104  tim.o(i.MX_TIM13_Init)
    MX_TIM1_Init                             0x08002e95   Thumb Code   244  tim.o(i.MX_TIM1_Init)
    MX_TIM2_Init                             0x08002fa1   Thumb Code    96  tim.o(i.MX_TIM2_Init)
    MX_TIM3_Init                             0x08003015   Thumb Code    94  tim.o(i.MX_TIM3_Init)
    MX_TIM4_Init                             0x0800308d   Thumb Code    94  tim.o(i.MX_TIM4_Init)
    MX_TIM5_Init                             0x08003105   Thumb Code    98  tim.o(i.MX_TIM5_Init)
    MX_TIM6_Init                             0x08003181   Thumb Code    66  tim.o(i.MX_TIM6_Init)
    MX_TIM8_Init                             0x080031dd   Thumb Code   262  tim.o(i.MX_TIM8_Init)
    MX_TIM9_Init                             0x080032fd   Thumb Code   148  tim.o(i.MX_TIM9_Init)
    MX_UART4_Init                            0x080033a9   Thumb Code    52  usart.o(i.MX_UART4_Init)
    MX_USART1_UART_Init                      0x080033f5   Thumb Code    52  usart.o(i.MX_USART1_UART_Init)
    MX_USART3_UART_Init                      0x08003441   Thumb Code    52  usart.o(i.MX_USART3_UART_Init)
    Mecanum_Drive                            0x0800348d   Thumb Code   346  path_planning.o(i.Mecanum_Drive)
    MemManage_Handler                        0x08003609   Thumb Code     2  stm32f4xx_it.o(i.MemManage_Handler)
    Motor_Init                               0x0800360d   Thumb Code    70  motor.o(i.Motor_Init)
    Motor_Stop                               0x0800365d   Thumb Code    20  path_planning.o(i.Motor_Stop)
    NMI_Handler                              0x08003681   Thumb Code     2  stm32f4xx_it.o(i.NMI_Handler)
    OpenMV_control                           0x080036a5   Thumb Code   174  openmv_rx.o(i.OpenMV_control)
    OpenMV_control_R                         0x08003779   Thumb Code    96  openmv_rx.o(i.OpenMV_control_R)
    PID_Init                                 0x080037f5   Thumb Code    30  pid.o(i.PID_Init)
    Path_All_Deal                            0x08003819   Thumb Code   116  path_planning.o(i.Path_All_Deal)
    Path_Eight_Deal                          0x0800388d   Thumb Code   220  path_planning.o(i.Path_Eight_Deal)
    Path_Eleven_Deal                         0x0800398d   Thumb Code   190  path_planning.o(i.Path_Eleven_Deal)
    Path_Five_Deal                           0x08003a71   Thumb Code   200  path_planning.o(i.Path_Five_Deal)
    Path_Four_Deal                           0x08003b5d   Thumb Code   224  path_planning.o(i.Path_Four_Deal)
    Path_Init                                0x08003c61   Thumb Code    26  path_planning.o(i.Path_Init)
    Path_Nine_Deal                           0x08003c81   Thumb Code   192  path_planning.o(i.Path_Nine_Deal)
    Path_One_Deal                            0x08003d65   Thumb Code   196  path_planning.o(i.Path_One_Deal)
    Path_Plan_Finish                         0x08003e4d   Thumb Code    98  path_planning.o(i.Path_Plan_Finish)
    Path_Seven_Deal                          0x08003ec1   Thumb Code   202  path_planning.o(i.Path_Seven_Deal)
    Path_Six_Deal                            0x08003fb1   Thumb Code   222  path_planning.o(i.Path_Six_Deal)
    Path_Ten_Deal                            0x080040b5   Thumb Code   226  path_planning.o(i.Path_Ten_Deal)
    Path_Three_Deal                          0x080041bd   Thumb Code   198  path_planning.o(i.Path_Three_Deal)
    Path_Twelve_Deal                         0x080042a9   Thumb Code   216  path_planning.o(i.Path_Twelve_Deal)
    Path_Two_Deal                            0x080043a5   Thumb Code   210  path_planning.o(i.Path_Two_Deal)
    Path_Zero_Deal                           0x0800449d   Thumb Code    86  path_planning.o(i.Path_Zero_Deal)
    PendSV_Handler                           0x08004501   Thumb Code     2  stm32f4xx_it.o(i.PendSV_Handler)
    Picking_Up                               0x08004505   Thumb Code    14  sevor.o(i.Picking_Up)
    Position_HCSR_PID_Calc                   0x0800451d   Thumb Code   140  pid.o(i.Position_HCSR_PID_Calc)
    Position_YAW_PID_Calc                    0x080045b1   Thumb Code   140  pid.o(i.Position_YAW_PID_Calc)
    Read_Encoder                             0x08004645   Thumb Code    52  encoder.o(i.Read_Encoder)
    Rotate_Left                              0x08004685   Thumb Code    24  path_planning.o(i.Rotate_Left)
    Rotate_Right                             0x080046b1   Thumb Code    24  path_planning.o(i.Rotate_Right)
    SVC_Handler                              0x080046dd   Thumb Code     2  stm32f4xx_it.o(i.SVC_Handler)
    Set_Pwm                                  0x080046e1   Thumb Code    92  motor.o(i.Set_Pwm)
    Sevor_Init                               0x08004745   Thumb Code    32  sevor.o(i.Sevor_Init)
    SpeedPID_Calc                            0x08004775   Thumb Code   158  path_planning.o(i.SpeedPID_Calc)
    SysTick_Handler                          0x08004831   Thumb Code    14  stm32f4xx_it.o(i.SysTick_Handler)
    SystemClock_Config                       0x08004841   Thumb Code   148  main.o(i.SystemClock_Config)
    SystemInit                               0x080048dd   Thumb Code    66  system_stm32f4xx.o(i.SystemInit)
    TIM1_BRK_TIM9_IRQHandler                 0x08004931   Thumb Code    18  stm32f4xx_it.o(i.TIM1_BRK_TIM9_IRQHandler)
    TIM1_UP_TIM10_IRQHandler                 0x0800494d   Thumb Code    18  stm32f4xx_it.o(i.TIM1_UP_TIM10_IRQHandler)
    TIM6_DAC_IRQHandler                      0x08004969   Thumb Code     6  stm32f4xx_it.o(i.TIM6_DAC_IRQHandler)
    TIM8_BRK_TIM12_IRQHandler                0x08004975   Thumb Code    18  stm32f4xx_it.o(i.TIM8_BRK_TIM12_IRQHandler)
    TIM8_UP_TIM13_IRQHandler                 0x08004991   Thumb Code    18  stm32f4xx_it.o(i.TIM8_UP_TIM13_IRQHandler)
    TIM_Base_SetConfig                       0x080049ad   Thumb Code   148  stm32f4xx_hal_tim.o(i.TIM_Base_SetConfig)
    TIM_CCxChannelCmd                        0x08004a6d   Thumb Code    22  stm32f4xx_hal_tim.o(i.TIM_CCxChannelCmd)
    TIM_OC2_SetConfig                        0x08004b01   Thumb Code    90  stm32f4xx_hal_tim.o(i.TIM_OC2_SetConfig)
    TIM_TI1_SetConfig                        0x08004c39   Thumb Code   104  stm32f4xx_hal_tim.o(i.TIM_TI1_SetConfig)
    USART1_IRQHandler                        0x0800521d   Thumb Code     6  stm32f4xx_it.o(i.USART1_IRQHandler)
    USART3_IRQHandler                        0x08005229   Thumb Code     6  stm32f4xx_it.o(i.USART3_IRQHandler)
    UsageFault_Handler                       0x08005235   Thumb Code     2  stm32f4xx_it.o(i.UsageFault_Handler)
    YawPID_Calc                              0x08005239   Thumb Code    46  path_planning.o(i.YawPID_Calc)
    _Error_Handler                           0x08005275   Thumb Code     2  main.o(i._Error_Handler)
    __0printf$1                              0x08005279   Thumb Code    22  printf1.o(i.__0printf$1)
    __1printf$1                              0x08005279   Thumb Code     0  printf1.o(i.__0printf$1)
    __2printf                                0x08005279   Thumb Code     0  printf1.o(i.__0printf$1)
    __ARM_fpclassify                         0x08005299   Thumb Code    48  fpclassify.o(i.__ARM_fpclassify)
    __hardfp_atan                            0x080052c9   Thumb Code   622  atan.o(i.__hardfp_atan)
    __hardfp_atan2                           0x080055a1   Thumb Code   432  atan2.o(i.__hardfp_atan2)
    __kernel_poly                            0x08005791   Thumb Code   248  poly.o(i.__kernel_poly)
    __mathlib_dbl_infnan                     0x08005889   Thumb Code    20  dunder.o(i.__mathlib_dbl_infnan)
    __mathlib_dbl_infnan2                    0x0800589d   Thumb Code    20  dunder.o(i.__mathlib_dbl_infnan2)
    __mathlib_dbl_underflow                  0x080058b1   Thumb Code    24  dunder.o(i.__mathlib_dbl_underflow)
    __scatterload_copy                       0x080058d1   Thumb Code    14  handlers.o(i.__scatterload_copy)
    __scatterload_null                       0x080058df   Thumb Code     2  handlers.o(i.__scatterload_null)
    __scatterload_zeroinit                   0x080058e1   Thumb Code    14  handlers.o(i.__scatterload_zeroinit)
    atan                                     0x08005a45   Thumb Code    16  atan.o(i.atan)
    fabs                                     0x08005a55   Thumb Code    24  fabs.o(i.fabs)
    fputc                                    0x08005a6d   Thumb Code    20  main.o(i.fputc)
    main                                     0x08005a85   Thumb Code   270  main.o(i.main)
    AHBPrescTable                            0x08005be0   Data          16  system_stm32f4xx.o(.constdata)
    APBPrescTable                            0x08005bf0   Data           8  system_stm32f4xx.o(.constdata)
    __mathlib_zero                           0x08005c90   Data           8  qnan.o(.constdata)
    Region$$Table$$Base                      0x08005c98   Number         0  anon$$obj.o(Region$$Table)
    Region$$Table$$Limit                     0x08005cb8   Number         0  anon$$obj.o(Region$$Table)
    sent_buf1                                0x20000000   Data           3  gy953.o(.data)
    sent_buf4                                0x20000003   Data           3  gy953.o(.data)
    sent_buf5                                0x20000006   Data           3  gy953.o(.data)
    sent_buf6                                0x20000009   Data           3  gy953.o(.data)
    endflag                                  0x2000003c   Data           1  path_planning.o(.data)
    lineSpeed                                0x2000003e   Data           2  path_planning.o(.data)
    LINE_High_SPEED                          0x20000040   Data           2  path_planning.o(.data)
    LINE_Middle_SPEED                        0x20000042   Data           2  path_planning.o(.data)
    LINE_Low_SPEED                           0x20000044   Data           2  path_planning.o(.data)
    ROTATE_LOW_SPEED                         0x20000046   Data           2  path_planning.o(.data)
    YAW_Angle_Point                          0x20000048   Data           4  path_planning.o(.data)
    finish_flag                              0x2000004c   Data           4  path_planning.o(.data)
    pwm1                                     0x20000050   Data           4  path_planning.o(.data)
    pwm2                                     0x20000054   Data           4  path_planning.o(.data)
    pwm3                                     0x20000058   Data           4  path_planning.o(.data)
    pwm4                                     0x2000005c   Data           4  path_planning.o(.data)
    timeTick                                 0x20000060   Data           4  control.o(.data)
    MySecond1                                0x20000064   Data           4  control.o(.data)
    MySecond2                                0x20000068   Data           4  control.o(.data)
    uwTickFreq                               0x2000006c   Data           1  stm32f4xx_hal.o(.data)
    uwTickPrio                               0x20000070   Data           4  stm32f4xx_hal.o(.data)
    uwTick                                   0x20000074   Data           4  stm32f4xx_hal.o(.data)
    SystemCoreClock                          0x20000078   Data           4  system_stm32f4xx.o(.data)
    __stdout                                 0x2000007c   Data           4  stdout.o(.data)
    hc_sr04                                  0x20000080   Data         224  hc_sr04.o(.bss)
    encoder                                  0x20000160   Data          16  encoder.o(.bss)
    Angle                                    0x20000170   Data          28  gy953.o(.bss)
    data_buf                                 0x2000018c   Data          13  gy953.o(.bss)
    Motor1_SpeedPID                          0x2000019c   Data          28  pid.o(.bss)
    Motor2_SpeedPID                          0x200001b8   Data          28  pid.o(.bss)
    Motor3_SpeedPID                          0x200001d4   Data          28  pid.o(.bss)
    Motor4_SpeedPID                          0x200001f0   Data          28  pid.o(.bss)
    Yaw_PID                                  0x2000020c   Data          28  pid.o(.bss)
    HCSR_PID                                 0x20000228   Data          28  pid.o(.bss)
    pathFlag                                 0x20000244   Data          30  path_planning.o(.bss)
    htim1                                    0x20000264   Data          60  tim.o(.bss)
    htim2                                    0x200002a0   Data          60  tim.o(.bss)
    htim3                                    0x200002dc   Data          60  tim.o(.bss)
    htim4                                    0x20000318   Data          60  tim.o(.bss)
    htim5                                    0x20000354   Data          60  tim.o(.bss)
    htim6                                    0x20000390   Data          60  tim.o(.bss)
    htim8                                    0x200003cc   Data          60  tim.o(.bss)
    htim9                                    0x20000408   Data          60  tim.o(.bss)
    htim10                                   0x20000444   Data          60  tim.o(.bss)
    htim11                                   0x20000480   Data          60  tim.o(.bss)
    htim12                                   0x200004bc   Data          60  tim.o(.bss)
    htim13                                   0x200004f8   Data          60  tim.o(.bss)
    huart4                                   0x20000534   Data          64  usart.o(.bss)
    huart1                                   0x20000574   Data          64  usart.o(.bss)
    huart3                                   0x200005b4   Data          64  usart.o(.bss)
    hdma_usart3_tx                           0x200005f4   Data          96  usart.o(.bss)
    hdma_usart3_rx                           0x20000654   Data          96  usart.o(.bss)
    __initial_sp                             0x20000ab8   Data           0  startup_stm32f407xx.o(STACK)



==============================================================================

Memory Map of the image

  Image Entry point : 0x08000189

  Load Region LR_IROM1 (Base: 0x08000000, Size: 0x00005d38, Max: 0x00080000, ABSOLUTE)

    Execution Region ER_IROM1 (Base: 0x08000000, Size: 0x00005cb8, Max: 0x00080000, ABSOLUTE)

    Base Addr    Size         Type   Attr      Idx    E Section Name        Object

    0x08000000   0x00000188   Data   RO            3    RESET               startup_stm32f407xx.o
    0x08000188   0x00000000   Code   RO         3437  * .ARM.Collect$$$$00000000  mc_w.l(entry.o)
    0x08000188   0x00000004   Code   RO         3750    .ARM.Collect$$$$00000001  mc_w.l(entry2.o)
    0x0800018c   0x00000004   Code   RO         3753    .ARM.Collect$$$$00000004  mc_w.l(entry5.o)
    0x08000190   0x00000000   Code   RO         3755    .ARM.Collect$$$$00000008  mc_w.l(entry7b.o)
    0x08000190   0x00000000   Code   RO         3757    .ARM.Collect$$$$0000000A  mc_w.l(entry8b.o)
    0x08000190   0x00000008   Code   RO         3758    .ARM.Collect$$$$0000000B  mc_w.l(entry9a.o)
    0x08000198   0x00000000   Code   RO         3760    .ARM.Collect$$$$0000000D  mc_w.l(entry10a.o)
    0x08000198   0x00000000   Code   RO         3762    .ARM.Collect$$$$0000000F  mc_w.l(entry11a.o)
    0x08000198   0x00000004   Code   RO         3751    .ARM.Collect$$$$00002712  mc_w.l(entry2.o)
    0x0800019c   0x00000024   Code   RO            4    .text               startup_stm32f407xx.o
    0x080001c0   0x00000062   Code   RO         3440    .text               mc_w.l(uldiv.o)
    0x08000222   0x0000014e   Code   RO         3703    .text               mf_w.l(dadd.o)
    0x08000370   0x000000e4   Code   RO         3705    .text               mf_w.l(dmul.o)
    0x08000454   0x00000022   Code   RO         3707    .text               mf_w.l(dflti.o)
    0x08000476   0x0000001a   Code   RO         3709    .text               mf_w.l(dfltui.o)
    0x08000490   0x0000003e   Code   RO         3711    .text               mf_w.l(dfixi.o)
    0x080004ce   0x00000032   Code   RO         3713    .text               mf_w.l(dfixui.o)
    0x08000500   0x0000002c   Code   RO         3765    .text               mc_w.l(uidiv.o)
    0x0800052c   0x0000001e   Code   RO         3767    .text               mc_w.l(llshl.o)
    0x0800054a   0x00000020   Code   RO         3769    .text               mc_w.l(llushr.o)
    0x0800056a   0x00000024   Code   RO         3771    .text               mc_w.l(llsshr.o)
    0x0800058e   0x00000000   Code   RO         3780    .text               mc_w.l(iusefp.o)
    0x0800058e   0x000000ba   Code   RO         3781    .text               mf_w.l(depilogue.o)
    0x08000648   0x000000de   Code   RO         3783    .text               mf_w.l(ddiv.o)
    0x08000726   0x00000002   PAD
    0x08000728   0x00000024   Code   RO         3795    .text               mc_w.l(init.o)
    0x0800074c   0x00000078   Code   RO          257    i.Angle_Init        gy953.o
    0x080007c4   0x00000054   Code   RO          258    i.Angle_change      gy953.o
    0x08000818   0x00000002   Code   RO          995    i.BusFault_Handler  stm32f4xx_it.o
    0x0800081a   0x00000002   PAD
    0x0800081c   0x0000000c   Code   RO          996    i.DMA1_Stream1_IRQHandler  stm32f4xx_it.o
    0x08000828   0x0000000c   Code   RO          997    i.DMA1_Stream3_IRQHandler  stm32f4xx_it.o
    0x08000834   0x00000028   Code   RO         2804    i.DMA_CalcBaseAndBitshift  stm32f4xx_hal_dma.o
    0x0800085c   0x00000054   Code   RO         2805    i.DMA_CheckFifoParam  stm32f4xx_hal_dma.o
    0x080008b0   0x00000028   Code   RO         2806    i.DMA_SetConfig     stm32f4xx_hal_dma.o
    0x080008d8   0x00000002   Code   RO          998    i.DebugMon_Handler  stm32f4xx_it.o
    0x080008da   0x00000002   PAD
    0x080008dc   0x00000038   Code   RO          214    i.Encoder_Init      encoder.o
    0x08000914   0x0000002a   Code   RO          215    i.Encoder_Update    encoder.o
    0x0800093e   0x00000002   PAD
    0x08000940   0x00000090   Code   RO          259    i.GY953_GetDate     gy953.o
    0x080009d0   0x0000006c   Code   RO          260    i.GY953_Init        gy953.o
    0x08000a3c   0x00000070   Code   RO          388    i.Go_Stright_Low_line  path_planning.o
    0x08000aac   0x000000d8   Code   RO          389    i.Go_Stright_line   path_planning.o
    0x08000b84   0x00000024   Code   RO         2808    i.HAL_DMA_Abort_IT  stm32f4xx_hal_dma.o
    0x08000ba8   0x000001a0   Code   RO         2812    i.HAL_DMA_IRQHandler  stm32f4xx_hal_dma.o
    0x08000d48   0x000000d4   Code   RO         2813    i.HAL_DMA_Init      stm32f4xx_hal_dma.o
    0x08000e1c   0x00000078   Code   RO         2817    i.HAL_DMA_Start_IT  stm32f4xx_hal_dma.o
    0x08000e94   0x00000024   Code   RO         3226    i.HAL_Delay         stm32f4xx_hal.o
    0x08000eb8   0x000001b0   Code   RO         2700    i.HAL_GPIO_Init     stm32f4xx_hal_gpio.o
    0x08001068   0x0000000a   Code   RO         2702    i.HAL_GPIO_ReadPin  stm32f4xx_hal_gpio.o
    0x08001072   0x0000000a   Code   RO         2704    i.HAL_GPIO_WritePin  stm32f4xx_hal_gpio.o
    0x0800107c   0x0000000c   Code   RO         3232    i.HAL_GetTick       stm32f4xx_hal.o
    0x08001088   0x00000010   Code   RO         3236    i.HAL_IncTick       stm32f4xx_hal.o
    0x08001098   0x00000034   Code   RO         3237    i.HAL_Init          stm32f4xx_hal.o
    0x080010cc   0x00000040   Code   RO         3238    i.HAL_InitTick      stm32f4xx_hal.o
    0x0800110c   0x00000084   Code   RO         1125    i.HAL_MspInit       stm32f4xx_hal_msp.o
    0x08001190   0x00000016   Code   RO         3089    i.HAL_NVIC_EnableIRQ  stm32f4xx_hal_cortex.o
    0x080011a6   0x00000002   PAD
    0x080011a8   0x00000040   Code   RO         3095    i.HAL_NVIC_SetPriority  stm32f4xx_hal_cortex.o
    0x080011e8   0x00000024   Code   RO         3096    i.HAL_NVIC_SetPriorityGrouping  stm32f4xx_hal_cortex.o
    0x0800120c   0x00000130   Code   RO         2346    i.HAL_RCC_ClockConfig  stm32f4xx_hal_rcc.o
    0x0800133c   0x0000000c   Code   RO         2351    i.HAL_RCC_GetHCLKFreq  stm32f4xx_hal_rcc.o
    0x08001348   0x00000020   Code   RO         2353    i.HAL_RCC_GetPCLK1Freq  stm32f4xx_hal_rcc.o
    0x08001368   0x00000020   Code   RO         2354    i.HAL_RCC_GetPCLK2Freq  stm32f4xx_hal_rcc.o
    0x08001388   0x00000060   Code   RO         2355    i.HAL_RCC_GetSysClockFreq  stm32f4xx_hal_rcc.o
    0x080013e8   0x0000031c   Code   RO         2358    i.HAL_RCC_OscConfig  stm32f4xx_hal_rcc.o
    0x08001704   0x00000018   Code   RO         3098    i.HAL_SYSTICK_CLKSourceConfig  stm32f4xx_hal_cortex.o
    0x0800171c   0x00000002   Code   RO         3099    i.HAL_SYSTICK_Callback  stm32f4xx_hal_cortex.o
    0x0800171e   0x00000028   Code   RO         3100    i.HAL_SYSTICK_Config  stm32f4xx_hal_cortex.o
    0x08001746   0x00000008   Code   RO         3101    i.HAL_SYSTICK_IRQHandler  stm32f4xx_hal_cortex.o
    0x0800174e   0x00000002   Code   RO         1780    i.HAL_TIMEx_BreakCallback  stm32f4xx_hal_tim_ex.o
    0x08001750   0x00000002   Code   RO         1781    i.HAL_TIMEx_CommutationCallback  stm32f4xx_hal_tim_ex.o
    0x08001752   0x0000005a   Code   RO         1782    i.HAL_TIMEx_ConfigBreakDeadTime  stm32f4xx_hal_tim_ex.o
    0x080017ac   0x00000050   Code   RO         1797    i.HAL_TIMEx_MasterConfigSynchronization  stm32f4xx_hal_tim_ex.o
    0x080017fc   0x00000036   Code   RO         1151    i.HAL_TIM_Base_Init  stm32f4xx_hal_tim.o
    0x08001832   0x00000002   PAD
    0x08001834   0x0000019c   Code   RO          816    i.HAL_TIM_Base_MspInit  tim.o
    0x080019d0   0x00000018   Code   RO         1156    i.HAL_TIM_Base_Start_IT  stm32f4xx_hal_tim.o
    0x080019e8   0x0000002a   Code   RO         1159    i.HAL_TIM_Base_Stop_IT  stm32f4xx_hal_tim.o
    0x08001a12   0x000000f2   Code   RO         1160    i.HAL_TIM_ConfigClockSource  stm32f4xx_hal_tim.o
    0x08001b04   0x00000096   Code   RO         1169    i.HAL_TIM_Encoder_Init  stm32f4xx_hal_tim.o
    0x08001b9a   0x00000002   PAD
    0x08001b9c   0x000000e0   Code   RO          818    i.HAL_TIM_Encoder_MspInit  tim.o
    0x08001c7c   0x00000034   Code   RO         1172    i.HAL_TIM_Encoder_Start  stm32f4xx_hal_tim.o
    0x08001cb0   0x0000005c   Code   RO           13    i.HAL_TIM_IC_CaptureCallback  hc_sr04.o
    0x08001d0c   0x0000011e   Code   RO         1181    i.HAL_TIM_IC_ConfigChannel  stm32f4xx_hal_tim.o
    0x08001e2a   0x00000036   Code   RO         1184    i.HAL_TIM_IC_Init   stm32f4xx_hal_tim.o
    0x08001e60   0x00000002   Code   RO         1186    i.HAL_TIM_IC_MspInit  stm32f4xx_hal_tim.o
    0x08001e62   0x0000004c   Code   RO         1189    i.HAL_TIM_IC_Start_IT  stm32f4xx_hal_tim.o
    0x08001eae   0x00000166   Code   RO         1193    i.HAL_TIM_IRQHandler  stm32f4xx_hal_tim.o
    0x08002014   0x0000009c   Code   RO          819    i.HAL_TIM_MspPostInit  tim.o
    0x080020b0   0x00000002   Code   RO         1196    i.HAL_TIM_OC_DelayElapsedCallback  stm32f4xx_hal_tim.o
    0x080020b2   0x000000d0   Code   RO         1217    i.HAL_TIM_PWM_ConfigChannel  stm32f4xx_hal_tim.o
    0x08002182   0x00000036   Code   RO         1220    i.HAL_TIM_PWM_Init  stm32f4xx_hal_tim.o
    0x080021b8   0x00000002   Code   RO         1222    i.HAL_TIM_PWM_MspInit  stm32f4xx_hal_tim.o
    0x080021ba   0x00000002   Code   RO         1223    i.HAL_TIM_PWM_PulseFinishedCallback  stm32f4xx_hal_tim.o
    0x080021bc   0x00000038   Code   RO         1224    i.HAL_TIM_PWM_Start  stm32f4xx_hal_tim.o
    0x080021f4   0x00000054   Code   RO          694    i.HAL_TIM_PeriodElapsedCallback  control.o
    0x08002248   0x00000044   Code   RO         1231    i.HAL_TIM_ReadCapturedValue  stm32f4xx_hal_tim.o
    0x0800228c   0x00000002   Code   RO         1234    i.HAL_TIM_TriggerCallback  stm32f4xx_hal_tim.o
    0x0800228e   0x00000002   Code   RO         2040    i.HAL_UART_ErrorCallback  stm32f4xx_hal_uart.o
    0x08002290   0x00000110   Code   RO         2043    i.HAL_UART_IRQHandler  stm32f4xx_hal_uart.o
    0x080023a0   0x00000062   Code   RO         2044    i.HAL_UART_Init     stm32f4xx_hal_uart.o
    0x08002402   0x00000002   PAD
    0x08002404   0x00000164   Code   RO          942    i.HAL_UART_MspInit  usart.o
    0x08002568   0x00000098   Code   RO         2048    i.HAL_UART_Receive_DMA  stm32f4xx_hal_uart.o
    0x08002600   0x00000002   Code   RO         2050    i.HAL_UART_RxCpltCallback  stm32f4xx_hal_uart.o
    0x08002602   0x00000002   Code   RO         2051    i.HAL_UART_RxHalfCpltCallback  stm32f4xx_hal_uart.o
    0x08002604   0x000000ba   Code   RO         2052    i.HAL_UART_Transmit  stm32f4xx_hal_uart.o
    0x080026be   0x00000002   PAD
    0x080026c0   0x00000080   Code   RO         2053    i.HAL_UART_Transmit_DMA  stm32f4xx_hal_uart.o
    0x08002740   0x00000002   Code   RO         2055    i.HAL_UART_TxCpltCallback  stm32f4xx_hal_uart.o
    0x08002742   0x00000002   Code   RO         2056    i.HAL_UART_TxHalfCpltCallback  stm32f4xx_hal_uart.o
    0x08002744   0x00000060   Code   RO          390    i.HCSRPID_Calc      path_planning.o
    0x080027a4   0x00000094   Code   RO           14    i.HC_SR04_Trig      hc_sr04.o
    0x08002838   0x00000002   Code   RO          999    i.HardFault_Handler  stm32f4xx_it.o
    0x0800283a   0x00000002   PAD
    0x0800283c   0x00000164   Code   RO           15    i.HcSr04_CaptureCallBack  hc_sr04.o
    0x080029a0   0x0000000c   Code   RO           16    i.HcSr04_Delay      hc_sr04.o
    0x080029ac   0x00000064   Code   RO           17    i.HcSr04_Init       hc_sr04.o
    0x08002a10   0x00000044   Code   RO           18    i.Hcsr04_Fliter     hc_sr04.o
    0x08002a54   0x0000009c   Code   RO          321    i.Inc_PID_Calc      pid.o
    0x08002af0   0x00000034   Code   RO          622    i.LED_Flashing      led.o
    0x08002b24   0x00000044   Code   RO          623    i.LED_Slow_Flashing  led.o
    0x08002b68   0x0000003c   Code   RO          791    i.MX_DMA_Init       dma.o
    0x08002ba4   0x000000cc   Code   RO          767    i.MX_GPIO_Init      gpio.o
    0x08002c70   0x00000078   Code   RO          820    i.MX_TIM10_Init     tim.o
    0x08002ce8   0x00000080   Code   RO          821    i.MX_TIM11_Init     tim.o
    0x08002d68   0x000000ac   Code   RO          822    i.MX_TIM12_Init     tim.o
    0x08002e14   0x00000080   Code   RO          823    i.MX_TIM13_Init     tim.o
    0x08002e94   0x0000010c   Code   RO          824    i.MX_TIM1_Init      tim.o
    0x08002fa0   0x00000074   Code   RO          825    i.MX_TIM2_Init      tim.o
    0x08003014   0x00000078   Code   RO          826    i.MX_TIM3_Init      tim.o
    0x0800308c   0x00000078   Code   RO          827    i.MX_TIM4_Init      tim.o
    0x08003104   0x0000007c   Code   RO          828    i.MX_TIM5_Init      tim.o
    0x08003180   0x0000005c   Code   RO          829    i.MX_TIM6_Init      tim.o
    0x080031dc   0x00000120   Code   RO          830    i.MX_TIM8_Init      tim.o
    0x080032fc   0x000000ac   Code   RO          831    i.MX_TIM9_Init      tim.o
    0x080033a8   0x0000004c   Code   RO          943    i.MX_UART4_Init     usart.o
    0x080033f4   0x0000004c   Code   RO          944    i.MX_USART1_UART_Init  usart.o
    0x08003440   0x0000004c   Code   RO          945    i.MX_USART3_UART_Init  usart.o
    0x0800348c   0x0000017c   Code   RO          391    i.Mecanum_Drive     path_planning.o
    0x08003608   0x00000002   Code   RO         1000    i.MemManage_Handler  stm32f4xx_it.o
    0x0800360a   0x00000002   PAD
    0x0800360c   0x00000050   Code   RO          174    i.Motor_Init        motor.o
    0x0800365c   0x00000024   Code   RO          392    i.Motor_Stop        path_planning.o
    0x08003680   0x00000002   Code   RO         1001    i.NMI_Handler       stm32f4xx_it.o
    0x08003682   0x00000020   Code   RO         3102    i.NVIC_SetPriority  stm32f4xx_hal_cortex.o
    0x080036a2   0x00000002   PAD
    0x080036a4   0x000000d4   Code   RO          657    i.OpenMV_control    openmv_rx.o
    0x08003778   0x0000007c   Code   RO          659    i.OpenMV_control_R  openmv_rx.o
    0x080037f4   0x00000024   Code   RO          322    i.PID_Init          pid.o
    0x08003818   0x00000074   Code   RO          393    i.Path_All_Deal     path_planning.o
    0x0800388c   0x00000100   Code   RO          394    i.Path_Eight_Deal   path_planning.o
    0x0800398c   0x000000e4   Code   RO          395    i.Path_Eleven_Deal  path_planning.o
    0x08003a70   0x000000ec   Code   RO          396    i.Path_Five_Deal    path_planning.o
    0x08003b5c   0x00000104   Code   RO          397    i.Path_Four_Deal    path_planning.o
    0x08003c60   0x00000020   Code   RO          398    i.Path_Init         path_planning.o
    0x08003c80   0x000000e4   Code   RO          399    i.Path_Nine_Deal    path_planning.o
    0x08003d64   0x000000e8   Code   RO          400    i.Path_One_Deal     path_planning.o
    0x08003e4c   0x00000074   Code   RO          401    i.Path_Plan_Finish  path_planning.o
    0x08003ec0   0x000000f0   Code   RO          402    i.Path_Seven_Deal   path_planning.o
    0x08003fb0   0x00000104   Code   RO          403    i.Path_Six_Deal     path_planning.o
    0x080040b4   0x00000108   Code   RO          404    i.Path_Ten_Deal     path_planning.o
    0x080041bc   0x000000ec   Code   RO          405    i.Path_Three_Deal   path_planning.o
    0x080042a8   0x000000fc   Code   RO          406    i.Path_Twelve_Deal  path_planning.o
    0x080043a4   0x000000f8   Code   RO          407    i.Path_Two_Deal     path_planning.o
    0x0800449c   0x00000064   Code   RO          408    i.Path_Zero_Deal    path_planning.o
    0x08004500   0x00000002   Code   RO         1002    i.PendSV_Handler    stm32f4xx_it.o
    0x08004502   0x00000002   PAD
    0x08004504   0x00000018   Code   RO          586    i.Picking_Up        sevor.o
    0x0800451c   0x00000094   Code   RO          324    i.Position_HCSR_PID_Calc  pid.o
    0x080045b0   0x00000094   Code   RO          326    i.Position_YAW_PID_Calc  pid.o
    0x08004644   0x00000040   Code   RO          216    i.Read_Encoder      encoder.o
    0x08004684   0x0000002c   Code   RO          410    i.Rotate_Left       path_planning.o
    0x080046b0   0x0000002c   Code   RO          411    i.Rotate_Right      path_planning.o
    0x080046dc   0x00000002   Code   RO         1003    i.SVC_Handler       stm32f4xx_it.o
    0x080046de   0x00000002   PAD
    0x080046e0   0x00000064   Code   RO          175    i.Set_Pwm           motor.o
    0x08004744   0x00000030   Code   RO          587    i.Sevor_Init        sevor.o
    0x08004774   0x000000bc   Code   RO          412    i.SpeedPID_Calc     path_planning.o
    0x08004830   0x0000000e   Code   RO         1004    i.SysTick_Handler   stm32f4xx_it.o
    0x0800483e   0x00000002   PAD
    0x08004840   0x0000009c   Code   RO          722    i.SystemClock_Config  main.o
    0x080048dc   0x00000054   Code   RO         3391    i.SystemInit        system_stm32f4xx.o
    0x08004930   0x0000001c   Code   RO         1005    i.TIM1_BRK_TIM9_IRQHandler  stm32f4xx_it.o
    0x0800494c   0x0000001c   Code   RO         1006    i.TIM1_UP_TIM10_IRQHandler  stm32f4xx_it.o
    0x08004968   0x0000000c   Code   RO         1007    i.TIM6_DAC_IRQHandler  stm32f4xx_it.o
    0x08004974   0x0000001c   Code   RO         1008    i.TIM8_BRK_TIM12_IRQHandler  stm32f4xx_it.o
    0x08004990   0x0000001c   Code   RO         1009    i.TIM8_UP_TIM13_IRQHandler  stm32f4xx_it.o
    0x080049ac   0x000000c0   Code   RO         1235    i.TIM_Base_SetConfig  stm32f4xx_hal_tim.o
    0x08004a6c   0x00000016   Code   RO         1236    i.TIM_CCxChannelCmd  stm32f4xx_hal_tim.o
    0x08004a82   0x00000014   Code   RO         1242    i.TIM_ETR_SetConfig  stm32f4xx_hal_tim.o
    0x08004a96   0x00000010   Code   RO         1243    i.TIM_ITRx_SetConfig  stm32f4xx_hal_tim.o
    0x08004aa6   0x00000002   PAD
    0x08004aa8   0x00000058   Code   RO         1244    i.TIM_OC1_SetConfig  stm32f4xx_hal_tim.o
    0x08004b00   0x00000064   Code   RO         1245    i.TIM_OC2_SetConfig  stm32f4xx_hal_tim.o
    0x08004b64   0x00000060   Code   RO         1246    i.TIM_OC3_SetConfig  stm32f4xx_hal_tim.o
    0x08004bc4   0x00000050   Code   RO         1247    i.TIM_OC4_SetConfig  stm32f4xx_hal_tim.o
    0x08004c14   0x00000022   Code   RO         1249    i.TIM_TI1_ConfigInputStage  stm32f4xx_hal_tim.o
    0x08004c36   0x00000002   PAD
    0x08004c38   0x00000084   Code   RO         1250    i.TIM_TI1_SetConfig  stm32f4xx_hal_tim.o
    0x08004cbc   0x00000024   Code   RO         1251    i.TIM_TI2_ConfigInputStage  stm32f4xx_hal_tim.o
    0x08004ce0   0x00000036   Code   RO         1252    i.TIM_TI2_SetConfig  stm32f4xx_hal_tim.o
    0x08004d16   0x00000010   Code   RO         2057    i.UART_DMAAbortOnError  stm32f4xx_hal_uart.o
    0x08004d26   0x0000004a   Code   RO         2058    i.UART_DMAError     stm32f4xx_hal_uart.o
    0x08004d70   0x0000003c   Code   RO         2059    i.UART_DMAReceiveCplt  stm32f4xx_hal_uart.o
    0x08004dac   0x0000000a   Code   RO         2061    i.UART_DMARxHalfCplt  stm32f4xx_hal_uart.o
    0x08004db6   0x0000002e   Code   RO         2063    i.UART_DMATransmitCplt  stm32f4xx_hal_uart.o
    0x08004de4   0x0000000a   Code   RO         2065    i.UART_DMATxHalfCplt  stm32f4xx_hal_uart.o
    0x08004dee   0x0000001c   Code   RO         2067    i.UART_EndRxTransfer  stm32f4xx_hal_uart.o
    0x08004e0a   0x00000012   Code   RO         2068    i.UART_EndTxTransfer  stm32f4xx_hal_uart.o
    0x08004e1c   0x0000008c   Code   RO         2069    i.UART_Receive_IT   stm32f4xx_hal_uart.o
    0x08004ea8   0x000002ac   Code   RO         2070    i.UART_SetConfig    stm32f4xx_hal_uart.o
    0x08005154   0x00000062   Code   RO         2071    i.UART_Transmit_IT  stm32f4xx_hal_uart.o
    0x080051b6   0x00000064   Code   RO         2072    i.UART_WaitOnFlagUntilTimeout  stm32f4xx_hal_uart.o
    0x0800521a   0x00000002   PAD
    0x0800521c   0x0000000c   Code   RO         1010    i.USART1_IRQHandler  stm32f4xx_it.o
    0x08005228   0x0000000c   Code   RO         1011    i.USART3_IRQHandler  stm32f4xx_it.o
    0x08005234   0x00000002   Code   RO         1012    i.UsageFault_Handler  stm32f4xx_it.o
    0x08005236   0x00000002   PAD
    0x08005238   0x0000003c   Code   RO          413    i.YawPID_Calc       path_planning.o
    0x08005274   0x00000002   Code   RO          723    i._Error_Handler    main.o
    0x08005276   0x00000002   PAD
    0x08005278   0x00000020   Code   RO         3487    i.__0printf$1       mc_w.l(printf1.o)
    0x08005298   0x00000030   Code   RO         3791    i.__ARM_fpclassify  m_wm.l(fpclassify.o)
    0x080052c8   0x000002d8   Code   RO         3715    i.__hardfp_atan     m_wm.l(atan.o)
    0x080055a0   0x000001f0   Code   RO         3425    i.__hardfp_atan2    m_wm.l(atan2.o)
    0x08005790   0x000000f8   Code   RO         3793    i.__kernel_poly     m_wm.l(poly.o)
    0x08005888   0x00000014   Code   RO         3730    i.__mathlib_dbl_infnan  m_wm.l(dunder.o)
    0x0800589c   0x00000014   Code   RO         3731    i.__mathlib_dbl_infnan2  m_wm.l(dunder.o)
    0x080058b0   0x00000020   Code   RO         3735    i.__mathlib_dbl_underflow  m_wm.l(dunder.o)
    0x080058d0   0x0000000e   Code   RO         3799    i.__scatterload_copy  mc_w.l(handlers.o)
    0x080058de   0x00000002   Code   RO         3800    i.__scatterload_null  mc_w.l(handlers.o)
    0x080058e0   0x0000000e   Code   RO         3801    i.__scatterload_zeroinit  mc_w.l(handlers.o)
    0x080058ee   0x00000002   PAD
    0x080058f0   0x00000154   Code   RO         3494    i._printf_core      mc_w.l(printf1.o)
    0x08005a44   0x00000010   Code   RO         3717    i.atan              m_wm.l(atan.o)
    0x08005a54   0x00000018   Code   RO         3745    i.fabs              m_wm.l(fabs.o)
    0x08005a6c   0x00000018   Code   RO          724    i.fputc             main.o
    0x08005a84   0x00000154   Code   RO          725    i.main              main.o
    0x08005bd8   0x00000008   Data   RO         2819    .constdata          stm32f4xx_hal_dma.o
    0x08005be0   0x00000010   Data   RO         3392    .constdata          system_stm32f4xx.o
    0x08005bf0   0x00000008   Data   RO         3393    .constdata          system_stm32f4xx.o
    0x08005bf8   0x00000098   Data   RO         3718    .constdata          m_wm.l(atan.o)
    0x08005c90   0x00000008   Data   RO         3749    .constdata          m_wm.l(qnan.o)
    0x08005c98   0x00000020   Data   RO         3797    Region$$Table       anon$$obj.o


    Execution Region RW_IRAM1 (Base: 0x20000000, Size: 0x00000ab8, Max: 0x00020000, ABSOLUTE)

    Base Addr    Size         Type   Attr      Idx    E Section Name        Object

    0x20000000   0x0000000c   Data   RW          263    .data               gy953.o
    0x2000000c   0x00000030   Data   RW          333    .data               pid.o
    0x2000003c   0x00000024   Data   RW          415    .data               path_planning.o
    0x20000060   0x0000000c   Data   RW          695    .data               control.o
    0x2000006c   0x0000000c   Data   RW         3244    .data               stm32f4xx_hal.o
    0x20000078   0x00000004   Data   RW         3394    .data               system_stm32f4xx.o
    0x2000007c   0x00000004   Data   RW         3764    .data               mc_w.l(stdout.o)
    0x20000080   0x000000e0   Zero   RW           19    .bss                hc_sr04.o
    0x20000160   0x00000010   Zero   RW          217    .bss                encoder.o
    0x20000170   0x00000029   Zero   RW          262    .bss                gy953.o
    0x20000199   0x00000003   PAD
    0x2000019c   0x0000001c   Zero   RW          327    .bss                pid.o
    0x200001b8   0x0000001c   Zero   RW          328    .bss                pid.o
    0x200001d4   0x0000001c   Zero   RW          329    .bss                pid.o
    0x200001f0   0x0000001c   Zero   RW          330    .bss                pid.o
    0x2000020c   0x0000001c   Zero   RW          331    .bss                pid.o
    0x20000228   0x0000001c   Zero   RW          332    .bss                pid.o
    0x20000244   0x0000001e   Zero   RW          414    .bss                path_planning.o
    0x20000262   0x00000002   PAD
    0x20000264   0x000002d0   Zero   RW          832    .bss                tim.o
    0x20000534   0x00000180   Zero   RW          946    .bss                usart.o
    0x200006b4   0x00000004   PAD
    0x200006b8   0x00000400   Zero   RW            1    STACK               startup_stm32f407xx.o


==============================================================================

Image component sizes


      Code (inc. data)   RO Data    RW Data    ZI Data      Debug   Object Name

        84          8          0         12          0       1612   control.o
        60          4          0          0          0        862   dma.o
       162         30          0          0         16       3187   encoder.o
       204         16          0          0          0       1119   gpio.o
       456         34          0         12         41       4150   gy953.o
       776         62          0          0        224     685008   hc_sr04.o
       120         12          0          0          0       1187   led.o
       522         82          0          0          0       3393   main.o
       180         18          0          0          0       1635   motor.o
       336         66          0          0          0       1336   openmv_rx.o
      4480        686          0         36         30      19273   path_planning.o
       488         28          0         48        168       5056   pid.o
        72         26          0          0          0       1022   sevor.o
        36          8        392          0       1024        868   startup_stm32f407xx.o
       180         28          0         12          0       4861   stm32f4xx_hal.o
       228         14          0          0          0      32213   stm32f4xx_hal_cortex.o
       948         16          8          0          0       6190   stm32f4xx_hal_dma.o
       452         44          0          0          0       3015   stm32f4xx_hal_gpio.o
       132          6          0          0          0       1010   stm32f4xx_hal_msp.o
      1272         82          0          0          0       5784   stm32f4xx_hal_rcc.o
      2604        116          0          0          0      23441   stm32f4xx_hal_tim.o
       174          0          0          0          0       3382   stm32f4xx_hal_tim_ex.o
      2130         42          0          0          0      16002   stm32f4xx_hal_uart.o
       202         70          0          0          0       9437   stm32f4xx_it.o
        84         18         24          4          0       1315   system_stm32f4xx.o
      2640        400          0          0        720      11569   tim.o
       584        126          0          0        384       3412   usart.o

    ----------------------------------------------------------------------
     19644       2042        456        124       2616     851339   Object Totals
         0          0         32          0          0          0   (incl. Generated)
        38          0          0          0          9          0   (incl. Padding)

    ----------------------------------------------------------------------

      Code (inc. data)   RO Data    RW Data    ZI Data      Debug   Library Member Name

       744        106        152          0          0        352   atan.o
       496         64          0          0          0        192   atan2.o
        72          8          0          0          0        372   dunder.o
        24          0          0          0          0        124   fabs.o
        48          0          0          0          0        124   fpclassify.o
       248          0          0          0          0        152   poly.o
         0          0          8          0          0          0   qnan.o
         0          0          0          0          0          0   entry.o
         0          0          0          0          0          0   entry10a.o
         0          0          0          0          0          0   entry11a.o
         8          4          0          0          0          0   entry2.o
         4          0          0          0          0          0   entry5.o
         0          0          0          0          0          0   entry7b.o
         0          0          0          0          0          0   entry8b.o
         8          4          0          0          0          0   entry9a.o
        30          0          0          0          0          0   handlers.o
        36          8          0          0          0         68   init.o
         0          0          0          0          0          0   iusefp.o
        30          0          0          0          0         68   llshl.o
        36          0          0          0          0         68   llsshr.o
        32          0          0          0          0         68   llushr.o
       372         14          0          0          0        184   printf1.o
         0          0          0          4          0          0   stdout.o
        44          0          0          0          0         80   uidiv.o
        98          0          0          0          0         92   uldiv.o
       334          0          0          0          0        148   dadd.o
       222          0          0          0          0        100   ddiv.o
       186          0          0          0          0        176   depilogue.o
        62          0          0          0          0         80   dfixi.o
        50          0          0          0          0         76   dfixui.o
        34          0          0          0          0         76   dflti.o
        26          0          0          0          0         76   dfltui.o
       228          0          0          0          0         96   dmul.o

    ----------------------------------------------------------------------
      3476        208        160          4          0       2772   Library Totals
         4          0          0          0          0          0   (incl. Padding)

    ----------------------------------------------------------------------

      Code (inc. data)   RO Data    RW Data    ZI Data      Debug   Library Name

      1632        178        160          0          0       1316   m_wm.l
       698         30          0          4          0        628   mc_w.l
      1142          0          0          0          0        828   mf_w.l

    ----------------------------------------------------------------------
      3476        208        160          4          0       2772   Library Totals

    ----------------------------------------------------------------------

==============================================================================


      Code (inc. data)   RO Data    RW Data    ZI Data      Debug   

     23120       2250        616        128       2616     835587   Grand Totals
     23120       2250        616        128       2616     835587   ELF Image Totals
     23120       2250        616        128          0          0   ROM Totals

==============================================================================

    Total RO  Size (Code + RO Data)                23736 (  23.18kB)
    Total RW  Size (RW Data + ZI Data)              2744 (   2.68kB)
    Total ROM Size (Code + RO Data + RW Data)      23864 (  23.30kB)

==============================================================================

